Copyright 1986-2019 Xilinx, Inc. All Rights Reserved.
-------------------------------------------------------------------------------------------
| Tool Version : Vivado v.2019.1 (win64) Build 2552052 Fri May 24 14:49:42 MDT 2019
| Date         : Mon Apr 10 16:20:32 2023
| Host         : DESKTOP-AOVMD3L running 64-bit major release  (build 9200)
| Command      : report_control_sets -verbose -file ethernet_2port_control_sets_placed.rpt
| Design       : ethernet_2port
| Device       : xc7a100t
-------------------------------------------------------------------------------------------

Control Set Information

Table of Contents
-----------------
1. Summary
2. Histogram
3. Flip-Flop Distribution
4. Detailed Control Set Information

1. Summary
----------

+----------------------------------------------------------+-------+
|                          Status                          | Count |
+----------------------------------------------------------+-------+
| Total control sets                                       |   196 |
|    Minimum number of control sets                        |   196 |
|    Addition due to synthesis replication                 |     0 |
|    Addition due to physical synthesis replication        |     0 |
| Unused register locations in slices containing registers |   129 |
+----------------------------------------------------------+-------+
* Control sets can be merged at opt_design using control_set_merge or merge_equivalent_drivers
** Run report_qor_suggestions for automated merging and remapping suggestions


2. Histogram
------------

+--------------------+-------+
|       Fanout       | Count |
+--------------------+-------+
| Total control sets |   196 |
| >= 0 to < 4        |     4 |
| >= 4 to < 6        |     4 |
| >= 6 to < 8        |     6 |
| >= 8 to < 10       |   118 |
| >= 10 to < 12      |     5 |
| >= 12 to < 14      |     0 |
| >= 14 to < 16      |     2 |
| >= 16              |    57 |
+--------------------+-------+
* Control sets can be remapped at either synth_design or opt_design


3. Flip-Flop Distribution
-------------------------

+--------------+-----------------------+------------------------+-----------------+--------------+
| Clock Enable | Synchronous Set/Reset | Asynchronous Set/Reset | Total Registers | Total Slices |
+--------------+-----------------------+------------------------+-----------------+--------------+
| No           | No                    | No                     |             347 |          102 |
| No           | No                    | Yes                    |            2070 |          693 |
| No           | Yes                   | No                     |              90 |           26 |
| Yes          | No                    | No                     |               0 |            0 |
| Yes          | No                    | Yes                    |            2468 |          629 |
| Yes          | Yes                   | No                     |             120 |           27 |
+--------------+-----------------------+------------------------+-----------------+--------------+


4. Detailed Control Set Information
-----------------------------------

+---------------------------------------+-----------------------------------------------------------------------------------------------------+--------------------------------------------------------------------------------------------------------------------------------+------------------+----------------+
|              Clock Signal             |                                            Enable Signal                                            |                                                        Set/Reset Signal                                                        | Slice Load Count | Bel Load Count |
+---------------------------------------+-----------------------------------------------------------------------------------------------------+--------------------------------------------------------------------------------------------------------------------------------+------------------+----------------+
|  sys_clk_BUFG                         |                                                                                                     | u2/reset_m0/cnt[27]_i_1__0_n_0                                                                                                 |                1 |              2 |
|  sys_clk_BUFG                         |                                                                                                     | u1/reset_m0/cnt[27]_i_1_n_0                                                                                                    |                1 |              2 |
|  cmos_select_inst/cmos_pclk_BUFG      |                                                                                                     | u1/camera_fifo_inst/U0/inst_fifo_gen/gconvfifo.rf/grf.rf/rstblk/ngwrdrst.grst.g7serrst.gsckt_wrst.gic_rst.sckt_wr_rst_ic_reg_0 |                2 |              3 |
|  cmos_select_inst/cmos_pclk_BUFG      |                                                                                                     | u2/camera_fifo_inst/U0/inst_fifo_gen/gconvfifo.rf/grf.rf/rstblk/ngwrdrst.grst.g7serrst.gsckt_wrst.gic_rst.sckt_wr_rst_ic_reg_0 |                2 |              3 |
|  u2/util_gmii_to_rgmii_m0/gmii_rx_clk | u2/mac_test0/mac_top0/mac_rx0/ip0/header_length_buf0                                                | u2/mac_test0/mac_top0/mac_rx0/mac0/rst_n_0                                                                                     |                1 |              4 |
|  u2/util_gmii_to_rgmii_m0/gmii_rx_clk | u2/mac_test0/mac_top0/mac_rx0/mac0/preamble_cnt[3]_i_1_n_0                                          | u2/mac_test0/mac_top0/mac_rx0/mac0/rst_n_0                                                                                     |                2 |              4 |
|  u1/util_gmii_to_rgmii_m0/gmii_rx_clk | u1/mac_test0/mac_top0/mac_rx0/ip0/header_length_buf0                                                | u1/mac_test0/mac_top0/mac_rx0/mac0/rst_n_0                                                                                     |                2 |              4 |
|  u1/util_gmii_to_rgmii_m0/gmii_rx_clk | u1/mac_test0/mac_top0/mac_rx0/mac0/preamble_cnt[3]_i_1_n_0                                          | u1/mac_test0/mac_top0/mac_rx0/mac0/rst_n_0                                                                                     |                2 |              4 |
|  sys_clk_BUFG                         | i2c_config_m0/i2c_master_top_m0/byte_controller/bit_controller/fSCL[2]_i_1_n_0                      | i2c_config_m0/i2c_master_top_m0/byte_controller/bit_controller/rst_n                                                           |                3 |              6 |
|  sys_clk_BUFG                         | i2c_config_m1/i2c_master_top_m0/byte_controller/bit_controller/fSCL[2]_i_1__0_n_0                   | i2c_config_m0/i2c_master_top_m0/byte_controller/bit_controller/rst_n                                                           |                3 |              6 |
|  sys_clk_BUFG                         | i2c_config_m1/i2c_master_top_m0/byte_controller/bit_controller/FSM_sequential_c_state[4]_i_1__0_n_0 | i2c_config_m0/i2c_master_top_m0/byte_controller/bit_controller/rst_n                                                           |                2 |              6 |
|  sys_clk_BUFG                         | i2c_config_m0/i2c_master_top_m0/byte_controller/bit_controller/FSM_sequential_c_state[4]_i_1_n_0    | i2c_config_m0/i2c_master_top_m0/byte_controller/bit_controller/rst_n                                                           |                3 |              6 |
|  sys_clk_BUFG                         | i2c_config_m1/i2c_master_top_m0/byte_controller/bit_controller/E[0]                                 | i2c_config_m0/i2c_master_top_m0/byte_controller/bit_controller/rst_n                                                           |                3 |              7 |
|  sys_clk_BUFG                         | i2c_config_m0/i2c_master_top_m0/byte_controller/bit_controller/E[0]                                 | i2c_config_m0/i2c_master_top_m0/byte_controller/bit_controller/rst_n                                                           |                4 |              7 |
|  u1/util_gmii_to_rgmii_m0/gmii_rx_clk | u1/mac_test0/mac_top0/mac_rx0/mac0/mac_rx_destination_mac_addr[7]_i_1_n_0                           | u1/mac_test0/mac_top0/mac_rx0/mac0/rst_n_0                                                                                     |                2 |              8 |
|  u2/util_gmii_to_rgmii_m0/gmii_rx_clk | u2/mac_test0/mac_top0/mac_rx0/mac0/preamble[15]_i_1_n_0                                             | u2/mac_test0/mac_top0/mac_rx0/mac0/rst_n_0                                                                                     |                2 |              8 |
|  u2/util_gmii_to_rgmii_m0/gmii_rx_clk | u2/mac_test0/mac_top0/mac_rx0/mac0/preamble[39]_i_1_n_0                                             | u2/mac_test0/mac_top0/mac_rx0/mac0/rst_n_0                                                                                     |                2 |              8 |
|  u2/util_gmii_to_rgmii_m0/gmii_rx_clk | u2/mac_test0/mac_top0/mac_rx0/mac0/mac_rx_destination_mac_addr[47]_i_1_n_0                          | u2/mac_test0/mac_top0/mac_rx0/mac0/rst_n_0                                                                                     |                1 |              8 |
|  u2/util_gmii_to_rgmii_m0/gmii_rx_clk | u2/mac_test0/mac_top0/mac_rx0/mac0/preamble[23]_i_1_n_0                                             | u2/mac_test0/mac_top0/mac_rx0/mac0/rst_n_0                                                                                     |                2 |              8 |
|  u2/util_gmii_to_rgmii_m0/gmii_rx_clk | u2/mac_test0/mac_top0/mac_rx0/mac0/preamble[7]_i_1_n_0                                              | u2/mac_test0/mac_top0/mac_rx0/mac0/rst_n_0                                                                                     |                2 |              8 |
|  u2/util_gmii_to_rgmii_m0/gmii_rx_clk | u2/mac_test0/mac_top0/mac_rx0/mac0/mac_rx_destination_mac_addr[31]_i_1_n_0                          | u2/mac_test0/mac_top0/mac_rx0/mac0/rst_n_0                                                                                     |                2 |              8 |
|  u2/util_gmii_to_rgmii_m0/gmii_rx_clk | u2/mac_test0/mac_top0/mac_rx0/mac0/preamble[47]_i_1_n_0                                             | u2/mac_test0/mac_top0/mac_rx0/mac0/rst_n_0                                                                                     |                1 |              8 |
|  u1/util_gmii_to_rgmii_m0/gmii_rx_clk | u1/mac_test0/mac_top0/mac_rx0/mac0/mac_rx_destination_mac_addr[23]_i_1_n_0                          | u1/mac_test0/mac_top0/mac_rx0/mac0/rst_n_0                                                                                     |                2 |              8 |
|  u1/util_gmii_to_rgmii_m0/gmii_rx_clk | u1/mac_test0/mac_top0/mac_rx0/mac0/mac_rx_destination_mac_addr[47]_i_1_n_0                          | u1/mac_test0/mac_top0/mac_rx0/mac0/rst_n_0                                                                                     |                2 |              8 |
|  u1/util_gmii_to_rgmii_m0/gmii_rx_clk | u1/mac_test0/mac_top0/mac_rx0/mac0/preamble[23]_i_1_n_0                                             | u1/mac_test0/mac_top0/mac_rx0/mac0/rst_n_0                                                                                     |                2 |              8 |
|  u1/util_gmii_to_rgmii_m0/gmii_rx_clk | u1/mac_test0/mac_top0/mac_rx0/mac0/preamble[39]_i_1_n_0                                             | u1/mac_test0/mac_top0/mac_rx0/mac0/rst_n_0                                                                                     |                1 |              8 |
|  u1/util_gmii_to_rgmii_m0/gmii_rx_clk | u1/mac_test0/mac_top0/mac_rx0/mac0/preamble[63]_i_1_n_0                                             | u1/mac_test0/mac_top0/mac_rx0/mac0/rst_n_0                                                                                     |                2 |              8 |
|  u1/util_gmii_to_rgmii_m0/gmii_rx_clk | u1/mac_test0/mac_top0/mac_rx0/mac0/mac_rx_destination_mac_addr[31]_i_1_n_0                          | u1/mac_test0/mac_top0/mac_rx0/mac0/rst_n_0                                                                                     |                2 |              8 |
|  u1/util_gmii_to_rgmii_m0/gmii_rx_clk | u1/mac_test0/mac_top0/mac_rx0/mac0/mac_rx_destination_mac_addr[39]_i_1_n_0                          | u1/mac_test0/mac_top0/mac_rx0/mac0/rst_n_0                                                                                     |                3 |              8 |
|  u1/util_gmii_to_rgmii_m0/gmii_rx_clk | u1/mac_test0/mac_top0/mac_rx0/mac0/preamble[7]_i_1_n_0                                              | u1/mac_test0/mac_top0/mac_rx0/mac0/rst_n_0                                                                                     |                2 |              8 |
|  u1/util_gmii_to_rgmii_m0/gmii_rx_clk | u1/mac_test0/mac_top0/mac_rx0/mac0/preamble[15]_i_1_n_0                                             | u1/mac_test0/mac_top0/mac_rx0/mac0/rst_n_0                                                                                     |                1 |              8 |
|  u1/util_gmii_to_rgmii_m0/gmii_rx_clk | u1/mac_test0/mac_top0/mac_rx0/mac0/mac_rx_destination_mac_addr[15]_i_1_n_0                          | u1/mac_test0/mac_top0/mac_rx0/mac0/rst_n_0                                                                                     |                1 |              8 |
|  u1/util_gmii_to_rgmii_m0/gmii_rx_clk | u1/mac_test0/mac_top0/mac_rx0/mac0/preamble[31]_i_1_n_0                                             | u1/mac_test0/mac_top0/mac_rx0/mac0/rst_n_0                                                                                     |                2 |              8 |
|  u1/util_gmii_to_rgmii_m0/gmii_rx_clk | u1/mac_test0/mac_top0/mac_rx0/mac0/preamble[47]_i_1_n_0                                             | u1/mac_test0/mac_top0/mac_rx0/mac0/rst_n_0                                                                                     |                2 |              8 |
|  u1/util_gmii_to_rgmii_m0/gmii_rx_clk | u1/mac_test0/mac_top0/mac_rx0/mac0/preamble[55]_i_1_n_0                                             | u1/mac_test0/mac_top0/mac_rx0/mac0/rst_n_0                                                                                     |                2 |              8 |
|  u1/util_gmii_to_rgmii_m0/gmii_rx_clk | u1/mac_test0/mac_top0/mac_rx0/arp0/p_0_in[23]                                                       | u1/mac_test0/mac_top0/mac_rx0/mac0/rst_n_0                                                                                     |                2 |              8 |
|  u2/util_gmii_to_rgmii_m0/gmii_rx_clk | u2/mac_test0/mac_top0/mac_rx0/mac0/preamble[55]_i_1_n_0                                             | u2/mac_test0/mac_top0/mac_rx0/mac0/rst_n_0                                                                                     |                2 |              8 |
|  u2/util_gmii_to_rgmii_m0/gmii_rx_clk | u2/mac_test0/mac_top0/mac_rx0/mac0/mac_rx_destination_mac_addr[23]_i_1_n_0                          | u2/mac_test0/mac_top0/mac_rx0/mac0/rst_n_0                                                                                     |                1 |              8 |
|  u1/util_gmii_to_rgmii_m0/gmii_rx_clk | u1/mac_test0/mac_top0/mac_rx0/mac0/crc_check[15]                                                    | u1/mac_test0/mac_top0/mac_rx0/mac0/rst_n_0                                                                                     |                1 |              8 |
|  u1/util_gmii_to_rgmii_m0/gmii_rx_clk | u1/mac_test0/mac_top0/mac_rx0/mac0/crc_check[7]                                                     | u1/mac_test0/mac_top0/mac_rx0/mac0/rst_n_0                                                                                     |                1 |              8 |
|  u1/util_gmii_to_rgmii_m0/gmii_rx_clk | u1/mac_test0/mac_top0/mac_rx0/mac0/crc_check[23]                                                    | u1/mac_test0/mac_top0/mac_rx0/mac0/rst_n_0                                                                                     |                1 |              8 |
|  u1/util_gmii_to_rgmii_m0/gmii_rx_clk | u1/mac_test0/mac_top0/mac_rx0/mac0/crc_check[31]                                                    | u1/mac_test0/mac_top0/mac_rx0/mac0/rst_n_0                                                                                     |                1 |              8 |
|  u1/util_gmii_to_rgmii_m0/gmii_rx_clk | u1/mac_test0/mac_top0/mac_rx0/mac0/crc_rec[23]                                                      | u1/mac_test0/mac_top0/mac_rx0/mac0/rst_n_0                                                                                     |                1 |              8 |
|  u1/util_gmii_to_rgmii_m0/gmii_rx_clk | u1/mac_test0/mac_top0/mac_rx0/mac0/crc_rec[15]                                                      | u1/mac_test0/mac_top0/mac_rx0/mac0/rst_n_0                                                                                     |                2 |              8 |
|  u1/util_gmii_to_rgmii_m0/gmii_rx_clk | u1/mac_test0/mac_top0/mac_rx0/mac0/crc_rec[7]                                                       | u1/mac_test0/mac_top0/mac_rx0/mac0/rst_n_0                                                                                     |                1 |              8 |
|  u1/util_gmii_to_rgmii_m0/gmii_rx_clk | u1/mac_test0/mac_top0/mac_rx0/mac0/crc_rec[31]                                                      | u1/mac_test0/mac_top0/mac_rx0/mac0/rst_n_0                                                                                     |                2 |              8 |
|  u1/util_gmii_to_rgmii_m0/gmii_rx_clk | u1/mac_test0/mac_top0/mac_rx0/mac0/frame_type[3]                                                    | u1/mac_test0/mac_top0/mac_rx0/mac0/rst_n_0                                                                                     |                1 |              8 |
|  u1/util_gmii_to_rgmii_m0/gmii_rx_clk | u1/mac_test0/mac_top0/mac_rx0/mac0/frame_type[11]                                                   | u1/mac_test0/mac_top0/mac_rx0/mac0/rst_n_0                                                                                     |                2 |              8 |
|  u2/util_gmii_to_rgmii_m0/gmii_rx_clk | u2/mac_test0/mac_top0/mac_rx0/mac0/mac_rx_destination_mac_addr[39]_i_1_n_0                          | u2/mac_test0/mac_top0/mac_rx0/mac0/rst_n_0                                                                                     |                1 |              8 |
|  u2/util_gmii_to_rgmii_m0/gmii_rx_clk | u2/mac_test0/mac_top0/mac_rx0/mac0/preamble[63]_i_1_n_0                                             | u2/mac_test0/mac_top0/mac_rx0/mac0/rst_n_0                                                                                     |                2 |              8 |
|  u2/util_gmii_to_rgmii_m0/gmii_rx_clk | u2/mac_test0/mac_top0/mac_rx0/mac0/crc_check[7]                                                     | u2/mac_test0/mac_top0/mac_rx0/mac0/rst_n_0                                                                                     |                1 |              8 |
|  u1/util_gmii_to_rgmii_m0/gmii_rx_clk | u1/mac_test0/mac_top0/icmp0/icmp_code[7]_i_1_n_0                                                    | u1/mac_test0/mac_top0/mac_rx0/mac0/rst_n_0                                                                                     |                3 |              8 |
|  u2/util_gmii_to_rgmii_m0/gmii_rx_clk | u2/mac_test0/mac_top0/mac_rx0/mac0/crc_rec[15]                                                      | u2/mac_test0/mac_top0/mac_rx0/mac0/rst_n_0                                                                                     |                1 |              8 |
|  u1/util_gmii_to_rgmii_m0/gmii_rx_clk | u1/mac_test0/mac_top0/icmp0/icmp_id[7]_i_1_n_0                                                      | u1/mac_test0/mac_top0/mac_rx0/mac0/rst_n_0                                                                                     |                2 |              8 |
|  u1/util_gmii_to_rgmii_m0/gmii_rx_clk | u1/mac_test0/mac_top0/icmp0/icmp_seq[15]_i_1_n_0                                                    | u1/mac_test0/mac_top0/mac_rx0/mac0/rst_n_0                                                                                     |                3 |              8 |
|  u1/util_gmii_to_rgmii_m0/gmii_rx_clk | u1/mac_test0/mac_top0/icmp0/icmp_seq[7]_i_1_n_0                                                     | u1/mac_test0/mac_top0/mac_rx0/mac0/rst_n_0                                                                                     |                2 |              8 |
|  u1/util_gmii_to_rgmii_m0/gmii_rx_clk | u1/mac_test0/mac_top0/icmp0/p_0_in                                                                  | u1/mac_test0/mac_top0/mac_rx0/mac0/rst_n_0                                                                                     |                2 |              8 |
|  u2/util_gmii_to_rgmii_m0/gmii_rx_clk | u2/mac_test0/mac_top0/mac_rx0/mac0/crc_rec[23]                                                      | u2/mac_test0/mac_top0/mac_rx0/mac0/rst_n_0                                                                                     |                1 |              8 |
|  u2/util_gmii_to_rgmii_m0/gmii_rx_clk | u2/mac_test0/mac_top0/mac_rx0/mac0/crc_check[15]                                                    | u2/mac_test0/mac_top0/mac_rx0/mac0/rst_n_0                                                                                     |                2 |              8 |
|  u2/util_gmii_to_rgmii_m0/gmii_rx_clk | u2/mac_test0/mac_top0/mac_rx0/mac0/crc_rec[7]                                                       | u2/mac_test0/mac_top0/mac_rx0/mac0/rst_n_0                                                                                     |                2 |              8 |
|  u1/util_gmii_to_rgmii_m0/gmii_rx_clk | u1/mac_test0/mac_top0/mac_rx0/arp0/p_0_in[15]                                                       | u1/mac_test0/mac_top0/mac_rx0/mac0/rst_n_0                                                                                     |                2 |              8 |
|  u1/util_gmii_to_rgmii_m0/gmii_rx_clk | u1/mac_test0/mac_top0/mac_rx0/arp0/p_0_in[31]                                                       | u1/mac_test0/mac_top0/mac_rx0/mac0/rst_n_0                                                                                     |                1 |              8 |
|  u2/util_gmii_to_rgmii_m0/gmii_rx_clk | u2/mac_test0/mac_top0/mac_rx0/mac0/crc_rec[31]                                                      | u2/mac_test0/mac_top0/mac_rx0/mac0/rst_n_0                                                                                     |                2 |              8 |
|  u2/util_gmii_to_rgmii_m0/gmii_rx_clk | u2/mac_test0/mac_top0/mac_rx0/mac0/crc_check[31]                                                    | u2/mac_test0/mac_top0/mac_rx0/mac0/rst_n_0                                                                                     |                2 |              8 |
|  u2/util_gmii_to_rgmii_m0/gmii_rx_clk | u2/mac_test0/mac_top0/mac_rx0/mac0/crc_check[23]                                                    | u2/mac_test0/mac_top0/mac_rx0/mac0/rst_n_0                                                                                     |                1 |              8 |
|  u1/util_gmii_to_rgmii_m0/gmii_rx_clk | u1/mac_test0/mac_top0/mac_rx0/arp0/arp_rec_op[7]_i_1_n_0                                            | u1/mac_test0/mac_top0/mac_rx0/mac0/rst_n_0                                                                                     |                2 |              8 |
|  u1/util_gmii_to_rgmii_m0/gmii_rx_clk | u1/mac_test0/mac_top0/mac_rx0/arp0/arp_rec_source_mac_addr[31]_i_1_n_0                              | u1/mac_test0/mac_top0/mac_rx0/mac0/rst_n_0                                                                                     |                2 |              8 |
|  u1/util_gmii_to_rgmii_m0/gmii_rx_clk | u1/mac_test0/mac_top0/mac_rx0/arp0/arp_rec_destination_mac_addr[7]_i_1_n_0                          | u1/mac_test0/mac_top0/mac_rx0/mac0/rst_n_0                                                                                     |                2 |              8 |
|  u1/util_gmii_to_rgmii_m0/gmii_rx_clk | u1/mac_test0/mac_top0/mac_rx0/arp0/arp_rec_source_ip_addr[15]_i_1_n_0                               | u1/mac_test0/mac_top0/mac_rx0/mac0/rst_n_0                                                                                     |                2 |              8 |
|  u1/util_gmii_to_rgmii_m0/gmii_rx_clk | u1/mac_test0/mac_top0/mac_rx0/arp0/arp_rec_source_ip_addr[7]_i_1_n_0                                | u1/mac_test0/mac_top0/mac_rx0/mac0/rst_n_0                                                                                     |                3 |              8 |
|  u1/util_gmii_to_rgmii_m0/gmii_rx_clk | u1/mac_test0/mac_top0/mac_rx0/arp0/arp_rec_source_mac_addr[39]_i_1_n_0                              | u1/mac_test0/mac_top0/mac_rx0/mac0/rst_n_0                                                                                     |                2 |              8 |
|  u1/util_gmii_to_rgmii_m0/gmii_rx_clk | u1/mac_test0/mac_top0/mac_rx0/arp0/arp_rec_source_mac_addr[15]_i_1_n_0                              | u1/mac_test0/mac_top0/mac_rx0/mac0/rst_n_0                                                                                     |                1 |              8 |
|  u1/util_gmii_to_rgmii_m0/gmii_rx_clk | u1/mac_test0/mac_top0/mac_rx0/arp0/arp_rec_destination_mac_addr[23]_i_1_n_0                         | u1/mac_test0/mac_top0/mac_rx0/mac0/rst_n_0                                                                                     |                1 |              8 |
|  u1/util_gmii_to_rgmii_m0/gmii_rx_clk | u1/mac_test0/mac_top0/mac_rx0/arp0/arp_rec_source_mac_addr[23]_i_1_n_0                              | u1/mac_test0/mac_top0/mac_rx0/mac0/rst_n_0                                                                                     |                1 |              8 |
|  u1/util_gmii_to_rgmii_m0/gmii_rx_clk | u1/mac_test0/mac_top0/mac_rx0/arp0/arp_rec_destination_mac_addr[15]_i_1_n_0                         | u1/mac_test0/mac_top0/mac_rx0/mac0/rst_n_0                                                                                     |                2 |              8 |
|  u1/util_gmii_to_rgmii_m0/gmii_rx_clk | u1/mac_test0/mac_top0/mac_rx0/arp0/arp_rec_source_ip_addr[23]_i_1_n_0                               | u1/mac_test0/mac_top0/mac_rx0/mac0/rst_n_0                                                                                     |                3 |              8 |
|  u1/util_gmii_to_rgmii_m0/gmii_rx_clk | u1/mac_test0/mac_top0/mac_rx0/arp0/arp_rec_destination_mac_addr[39]_i_1_n_0                         | u1/mac_test0/mac_top0/mac_rx0/mac0/rst_n_0                                                                                     |                2 |              8 |
|  u1/util_gmii_to_rgmii_m0/gmii_rx_clk | u1/mac_test0/mac_top0/mac_rx0/arp0/arp_rec_source_mac_addr[47]_i_1_n_0                              | u1/mac_test0/mac_top0/mac_rx0/mac0/rst_n_0                                                                                     |                1 |              8 |
|  u1/util_gmii_to_rgmii_m0/gmii_rx_clk | u1/mac_test0/mac_top0/mac_rx0/arp0/arp_rec_destination_ip_addr[7]_i_1_n_0                           | u1/mac_test0/mac_top0/mac_rx0/mac0/rst_n_0                                                                                     |                2 |              8 |
|  u1/util_gmii_to_rgmii_m0/gmii_rx_clk | u1/mac_test0/mac_top0/mac_rx0/arp0/arp_rec_source_mac_addr[7]_i_1_n_0                               | u1/mac_test0/mac_top0/mac_rx0/mac0/rst_n_0                                                                                     |                2 |              8 |
|  u1/util_gmii_to_rgmii_m0/gmii_rx_clk | u1/mac_test0/mac_top0/mac_rx0/arp0/arp_rec_destination_mac_addr[47]_i_1_n_0                         | u1/mac_test0/mac_top0/mac_rx0/mac0/rst_n_0                                                                                     |                2 |              8 |
|  u1/util_gmii_to_rgmii_m0/gmii_rx_clk | u1/mac_test0/mac_top0/mac_rx0/arp0/arp_rec_op[15]_i_1_n_0                                           | u1/mac_test0/mac_top0/mac_rx0/mac0/rst_n_0                                                                                     |                2 |              8 |
|  u1/util_gmii_to_rgmii_m0/gmii_rx_clk | u1/mac_test0/mac_top0/mac_rx0/arp0/arp_rec_source_ip_addr[31]_i_1_n_0                               | u1/mac_test0/mac_top0/mac_rx0/mac0/rst_n_0                                                                                     |                1 |              8 |
|  u1/util_gmii_to_rgmii_m0/gmii_rx_clk | u1/mac_test0/mac_top0/mac_rx0/arp0/arp_rec_destination_mac_addr[31]_i_1_n_0                         | u1/mac_test0/mac_top0/mac_rx0/mac0/rst_n_0                                                                                     |                2 |              8 |
|  u2/util_gmii_to_rgmii_m0/gmii_rx_clk | u2/mac_test0/mac_top0/mac_rx0/mac0/frame_type[3]                                                    | u2/mac_test0/mac_top0/mac_rx0/mac0/rst_n_0                                                                                     |                2 |              8 |
|  u1/util_gmii_to_rgmii_m0/gmii_rx_clk | u1/mac_test0/mac_top0/mac_rx0/ip0/net_protocol0                                                     | u1/mac_test0/mac_top0/mac_rx0/mac0/rst_n_0                                                                                     |                2 |              8 |
|  u1/util_gmii_to_rgmii_m0/gmii_rx_clk | u1/mac_test0/mac_top0/mac_rx0/ip0/ip_rec_data_length[7]_i_1_n_0                                     | u1/mac_test0/mac_top0/mac_rx0/mac0/rst_n_0                                                                                     |                2 |              8 |
|  u1/util_gmii_to_rgmii_m0/gmii_rx_clk | u1/mac_test0/mac_top0/mac_rx0/ip0/ip_rec_destination_addr[15]_i_1_n_0                               | u1/mac_test0/mac_top0/mac_rx0/mac0/rst_n_0                                                                                     |                3 |              8 |
|  u1/util_gmii_to_rgmii_m0/gmii_rx_clk | u1/mac_test0/mac_top0/mac_rx0/ip0/ip_rec_destination_addr[23]_i_1_n_0                               | u1/mac_test0/mac_top0/mac_rx0/mac0/rst_n_0                                                                                     |                1 |              8 |
|  u1/util_gmii_to_rgmii_m0/gmii_rx_clk | u1/mac_test0/mac_top0/mac_rx0/ip0/ip_rec_destination_addr[31]_i_1_n_0                               | u1/mac_test0/mac_top0/mac_rx0/mac0/rst_n_0                                                                                     |                2 |              8 |
|  u1/util_gmii_to_rgmii_m0/gmii_rx_clk | u1/mac_test0/mac_top0/mac_rx0/ip0/ip_rec_data_length1                                               | u1/mac_test0/mac_top0/mac_rx0/mac0/rst_n_0                                                                                     |                2 |              8 |
|  u1/util_gmii_to_rgmii_m0/gmii_rx_clk | u1/mac_test0/mac_top0/mac_rx0/ip0/ip_rec_destination_addr[7]_i_1_n_0                                | u1/mac_test0/mac_top0/mac_rx0/mac0/rst_n_0                                                                                     |                1 |              8 |
|  u2/util_gmii_to_rgmii_m0/gmii_rx_clk | u2/mac_test0/mac_top0/mac_rx0/mac0/frame_type[11]                                                   | u2/mac_test0/mac_top0/mac_rx0/mac0/rst_n_0                                                                                     |                2 |              8 |
|  u1/util_gmii_to_rgmii_m0/gmii_rx_clk | u1/mac_test0/mac_top0/mac_tx0/mac0/mac_tx_data_tmp[7]_i_1_n_0                                       | u1/mac_test0/mac_top0/mac_rx0/mac0/rst_n_0                                                                                     |                2 |              8 |
|  u2/util_gmii_to_rgmii_m0/gmii_rx_clk | u2/mac_test0/mac_top0/mac_tx0/mac0/mac_tx_data_tmp[7]_i_1_n_0                                       | u2/mac_test0/mac_top0/mac_rx0/mac0/rst_n_0                                                                                     |                2 |              8 |
|  u2/util_gmii_to_rgmii_m0/gmii_rx_clk | u2/mac_test0/mac_top0/icmp0/p_0_in                                                                  | u2/mac_test0/mac_top0/mac_rx0/mac0/rst_n_0                                                                                     |                4 |              8 |
|  u2/util_gmii_to_rgmii_m0/gmii_rx_clk | u2/mac_test0/mac_top0/icmp0/icmp_code[7]_i_1_n_0                                                    | u2/mac_test0/mac_top0/mac_rx0/mac0/rst_n_0                                                                                     |                3 |              8 |
|  u2/util_gmii_to_rgmii_m0/gmii_rx_clk | u2/mac_test0/mac_top0/icmp0/icmp_id[7]_i_1_n_0                                                      | u2/mac_test0/mac_top0/mac_rx0/mac0/rst_n_0                                                                                     |                3 |              8 |
|  u2/util_gmii_to_rgmii_m0/gmii_rx_clk | u2/mac_test0/mac_top0/icmp0/icmp_seq[15]_i_1_n_0                                                    | u2/mac_test0/mac_top0/mac_rx0/mac0/rst_n_0                                                                                     |                2 |              8 |
|  u2/util_gmii_to_rgmii_m0/gmii_rx_clk | u2/mac_test0/mac_top0/icmp0/icmp_seq[7]_i_1_n_0                                                     | u2/mac_test0/mac_top0/mac_rx0/mac0/rst_n_0                                                                                     |                2 |              8 |
|  u2/util_gmii_to_rgmii_m0/gmii_rx_clk | u2/mac_test0/mac_top0/mac_rx0/arp0/arp_rec_source_mac_addr[23]_i_1_n_0                              | u2/mac_test0/mac_top0/mac_rx0/mac0/rst_n_0                                                                                     |                2 |              8 |
|  u2/util_gmii_to_rgmii_m0/gmii_rx_clk | u2/mac_test0/mac_top0/mac_rx0/arp0/arp_rec_source_mac_addr[31]_i_1_n_0                              | u2/mac_test0/mac_top0/mac_rx0/mac0/rst_n_0                                                                                     |                2 |              8 |
|  u2/util_gmii_to_rgmii_m0/gmii_rx_clk | u2/mac_test0/mac_top0/mac_rx0/arp0/arp_rec_source_ip_addr[15]_i_1_n_0                               | u2/mac_test0/mac_top0/mac_rx0/mac0/rst_n_0                                                                                     |                1 |              8 |
|  u2/util_gmii_to_rgmii_m0/gmii_rx_clk | u2/mac_test0/mac_top0/mac_rx0/arp0/arp_rec_source_mac_addr[47]_i_1_n_0                              | u2/mac_test0/mac_top0/mac_rx0/mac0/rst_n_0                                                                                     |                1 |              8 |
|  u2/util_gmii_to_rgmii_m0/gmii_rx_clk | u2/mac_test0/mac_top0/mac_rx0/arp0/arp_rec_source_mac_addr[7]_i_1_n_0                               | u2/mac_test0/mac_top0/mac_rx0/mac0/rst_n_0                                                                                     |                2 |              8 |
|  u2/util_gmii_to_rgmii_m0/gmii_rx_clk | u2/mac_test0/mac_top0/mac_rx0/arp0/arp_rec_destination_mac_addr[7]_i_1_n_0                          | u2/mac_test0/mac_top0/mac_rx0/mac0/rst_n_0                                                                                     |                2 |              8 |
|  u2/util_gmii_to_rgmii_m0/gmii_rx_clk | u2/mac_test0/mac_top0/mac_rx0/arp0/arp_rec_destination_ip_addr[7]_i_1_n_0                           | u2/mac_test0/mac_top0/mac_rx0/mac0/rst_n_0                                                                                     |                2 |              8 |
|  u2/util_gmii_to_rgmii_m0/gmii_rx_clk | u2/mac_test0/mac_top0/mac_rx0/arp0/arp_rec_source_ip_addr[7]_i_1_n_0                                | u2/mac_test0/mac_top0/mac_rx0/mac0/rst_n_0                                                                                     |                3 |              8 |
|  u2/util_gmii_to_rgmii_m0/gmii_rx_clk | u2/mac_test0/mac_top0/mac_rx0/arp0/arp_rec_destination_mac_addr[47]_i_1_n_0                         | u2/mac_test0/mac_top0/mac_rx0/mac0/rst_n_0                                                                                     |                2 |              8 |
|  u2/util_gmii_to_rgmii_m0/gmii_rx_clk | u2/mac_test0/mac_top0/mac_rx0/arp0/arp_rec_destination_mac_addr[15]_i_1_n_0                         | u2/mac_test0/mac_top0/mac_rx0/mac0/rst_n_0                                                                                     |                2 |              8 |
|  u2/util_gmii_to_rgmii_m0/gmii_rx_clk | u2/mac_test0/mac_top0/mac_rx0/arp0/arp_rec_source_ip_addr[23]_i_1_n_0                               | u2/mac_test0/mac_top0/mac_rx0/mac0/rst_n_0                                                                                     |                1 |              8 |
|  u2/util_gmii_to_rgmii_m0/gmii_rx_clk | u2/mac_test0/mac_top0/mac_rx0/arp0/arp_rec_source_mac_addr[39]_i_1_n_0                              | u2/mac_test0/mac_top0/mac_rx0/mac0/rst_n_0                                                                                     |                1 |              8 |
|  u2/util_gmii_to_rgmii_m0/gmii_rx_clk | u2/mac_test0/mac_top0/mac_rx0/arp0/arp_rec_destination_mac_addr[23]_i_1_n_0                         | u2/mac_test0/mac_top0/mac_rx0/mac0/rst_n_0                                                                                     |                1 |              8 |
|  u2/util_gmii_to_rgmii_m0/gmii_rx_clk | u2/mac_test0/mac_top0/mac_rx0/arp0/arp_rec_source_ip_addr[31]_i_1_n_0                               | u2/mac_test0/mac_top0/mac_rx0/mac0/rst_n_0                                                                                     |                1 |              8 |
|  u2/util_gmii_to_rgmii_m0/gmii_rx_clk | u2/mac_test0/mac_top0/mac_rx0/arp0/arp_rec_op[7]_i_1_n_0                                            | u2/mac_test0/mac_top0/mac_rx0/mac0/rst_n_0                                                                                     |                2 |              8 |
|  u2/util_gmii_to_rgmii_m0/gmii_rx_clk | u2/mac_test0/mac_top0/mac_rx0/arp0/arp_rec_op[15]_i_1_n_0                                           | u2/mac_test0/mac_top0/mac_rx0/mac0/rst_n_0                                                                                     |                2 |              8 |
|  u2/util_gmii_to_rgmii_m0/gmii_rx_clk | u2/mac_test0/mac_top0/mac_rx0/arp0/arp_rec_destination_mac_addr[31]_i_1_n_0                         | u2/mac_test0/mac_top0/mac_rx0/mac0/rst_n_0                                                                                     |                1 |              8 |
|  u2/util_gmii_to_rgmii_m0/gmii_rx_clk | u2/mac_test0/mac_top0/mac_rx0/arp0/arp_rec_destination_mac_addr[39]_i_1_n_0                         | u2/mac_test0/mac_top0/mac_rx0/mac0/rst_n_0                                                                                     |                2 |              8 |
|  u2/util_gmii_to_rgmii_m0/gmii_rx_clk | u2/mac_test0/mac_top0/mac_rx0/arp0/arp_rec_source_mac_addr[15]_i_1_n_0                              | u2/mac_test0/mac_top0/mac_rx0/mac0/rst_n_0                                                                                     |                1 |              8 |
|  u2/util_gmii_to_rgmii_m0/gmii_rx_clk | u2/mac_test0/mac_top0/mac_rx0/arp0/p_0_in[15]                                                       | u2/mac_test0/mac_top0/mac_rx0/mac0/rst_n_0                                                                                     |                1 |              8 |
|  u2/util_gmii_to_rgmii_m0/gmii_rx_clk | u2/mac_test0/mac_top0/mac_rx0/arp0/p_0_in[31]                                                       | u2/mac_test0/mac_top0/mac_rx0/mac0/rst_n_0                                                                                     |                3 |              8 |
|  u2/util_gmii_to_rgmii_m0/gmii_rx_clk | u2/mac_test0/mac_top0/mac_rx0/arp0/p_0_in[23]                                                       | u2/mac_test0/mac_top0/mac_rx0/mac0/rst_n_0                                                                                     |                2 |              8 |
|  u2/util_gmii_to_rgmii_m0/gmii_rx_clk | u2/mac_test0/mac_top0/mac_rx0/ip0/ip_rec_destination_addr[15]_i_1_n_0                               | u2/mac_test0/mac_top0/mac_rx0/mac0/rst_n_0                                                                                     |                2 |              8 |
|  u2/util_gmii_to_rgmii_m0/gmii_rx_clk | u2/mac_test0/mac_top0/mac_rx0/ip0/ip_rec_destination_addr[7]_i_1_n_0                                | u2/mac_test0/mac_top0/mac_rx0/mac0/rst_n_0                                                                                     |                1 |              8 |
|  u2/util_gmii_to_rgmii_m0/gmii_rx_clk | u2/mac_test0/mac_top0/mac_rx0/ip0/ip_rec_destination_addr[23]_i_1_n_0                               | u2/mac_test0/mac_top0/mac_rx0/mac0/rst_n_0                                                                                     |                3 |              8 |
|  u2/util_gmii_to_rgmii_m0/gmii_rx_clk | u2/mac_test0/mac_top0/mac_rx0/ip0/ip_rec_data_length[7]_i_1_n_0                                     | u2/mac_test0/mac_top0/mac_rx0/mac0/rst_n_0                                                                                     |                2 |              8 |
|  u2/util_gmii_to_rgmii_m0/gmii_rx_clk | u2/mac_test0/mac_top0/mac_rx0/ip0/ip_rec_data_length1                                               | u2/mac_test0/mac_top0/mac_rx0/mac0/rst_n_0                                                                                     |                2 |              8 |
|  u2/util_gmii_to_rgmii_m0/gmii_rx_clk | u2/mac_test0/mac_top0/mac_rx0/ip0/ip_rec_destination_addr[31]_i_1_n_0                               | u2/mac_test0/mac_top0/mac_rx0/mac0/rst_n_0                                                                                     |                2 |              8 |
|  u2/util_gmii_to_rgmii_m0/gmii_rx_clk | u2/mac_test0/mac_top0/mac_rx0/ip0/net_protocol0                                                     | u2/mac_test0/mac_top0/mac_rx0/mac0/rst_n_0                                                                                     |                3 |              8 |
|  u2/util_gmii_to_rgmii_m0/gmii_rx_clk | u2/mac_test0/mac_top0/mac_rx0/mac0/preamble[31]_i_1_n_0                                             | u2/mac_test0/mac_top0/mac_rx0/mac0/rst_n_0                                                                                     |                1 |              8 |
|  u2/util_gmii_to_rgmii_m0/gmii_rx_clk | u2/mac_test0/mac_top0/mac_rx0/mac0/mac_rx_destination_mac_addr[15]_i_1_n_0                          | u2/mac_test0/mac_top0/mac_rx0/mac0/rst_n_0                                                                                     |                2 |              8 |
|  u2/util_gmii_to_rgmii_m0/gmii_rx_clk | u2/mac_test0/mac_top0/mac_rx0/mac0/mac_rx_destination_mac_addr[7]_i_1_n_0                           | u2/mac_test0/mac_top0/mac_rx0/mac0/rst_n_0                                                                                     |                2 |              8 |
|  sys_clk_BUFG                         | i2c_config_m0/i2c_master_top_m0/E[0]                                                                | i2c_config_m0/i2c_master_top_m0/byte_controller/bit_controller/rst_n                                                           |                5 |             10 |
|  sys_clk_BUFG                         |                                                                                                     |                                                                                                                                |               10 |             10 |
|  sys_clk_BUFG                         | i2c_config_m1/i2c_master_top_m0/E[0]                                                                | i2c_config_m0/i2c_master_top_m0/byte_controller/bit_controller/rst_n                                                           |                5 |             10 |
|  sys_clk_BUFG                         | i2c_config_m1/i2c_master_top_m0/byte_controller/dcnt                                                | i2c_config_m0/i2c_master_top_m0/byte_controller/bit_controller/rst_n                                                           |                3 |             11 |
|  sys_clk_BUFG                         | i2c_config_m0/i2c_master_top_m0/byte_controller/dcnt                                                | i2c_config_m0/i2c_master_top_m0/byte_controller/bit_controller/rst_n                                                           |                3 |             11 |
|  u2/util_gmii_to_rgmii_m0/gmii_rx_clk |                                                                                                     | u2/camera_fifo_inst/U0/inst_fifo_gen/gconvfifo.rf/grf.rf/rstblk/ngwrdrst.grst.g7serrst.gsckt_wrst.gic_rst.sckt_rd_rst_ic_reg_0 |                4 |             14 |
|  u1/util_gmii_to_rgmii_m0/gmii_rx_clk |                                                                                                     | u1/camera_fifo_inst/U0/inst_fifo_gen/gconvfifo.rf/grf.rf/rstblk/ngwrdrst.grst.g7serrst.gsckt_wrst.gic_rst.sckt_rd_rst_ic_reg_0 |                4 |             14 |
|  u1/util_gmii_to_rgmii_m0/gmii_rx_clk | u1/mac_test0/mac_top0/mac_rx0/ip0/check_out[15]_i_1_n_0                                             | u1/mac_test0/mac_top0/mac_rx0/mac0/rst_n_0                                                                                     |                4 |             16 |
|  u1/util_gmii_to_rgmii_m0/gmii_rx_clk | u1/mac_test0/identify_code[0]_i_1_n_0                                                               | u1/mac_test0/mac_top0/mac_rx0/mac0/rst_n_0                                                                                     |                4 |             16 |
|  u2/util_gmii_to_rgmii_m0/gmii_rx_clk | u2/mac_test0/mac_top0/icmp0/icmp_data_length                                                        | u2/mac_test0/mac_top0/mac_rx0/mac0/rst_n_0                                                                                     |                6 |             16 |
|  u2/util_gmii_to_rgmii_m0/gmii_rx_clk | u2/mac_test0/mac_top0/mac_rx0/ip0/ip_total_data_length[15]_i_1_n_0                                  | u2/mac_test0/mac_top0/mac_rx0/mac0/rst_n_0                                                                                     |                3 |             16 |
|  u1/util_gmii_to_rgmii_m0/gmii_rx_clk | u1/mac_test0/mac_top0/mac_tx0/ip0/checksum                                                          | u1/mac_test0/mac_top0/mac_rx0/mac0/rst_n_0                                                                                     |                7 |             16 |
|  u2/util_gmii_to_rgmii_m0/gmii_rx_clk | u2/mac_test0/mac_top0/icmp0/reply_checkout_buf                                                      | u2/mac_test0/mac_top0/mac_rx0/mac0/rst_n_0                                                                                     |                6 |             16 |
|  sys_clk_BUFG                         | cmos_select_inst/key_counter[0]_i_1_n_0                                                             | i2c_config_m0/i2c_master_top_m0/byte_controller/bit_controller/rst_n                                                           |                4 |             16 |
|  u2/util_gmii_to_rgmii_m0/gmii_rx_clk | u2/mac_test0/mac_top0/mac_tx0/ip0/checksum                                                          | u2/mac_test0/mac_top0/mac_rx0/mac0/rst_n_0                                                                                     |                7 |             16 |
|  u2/util_gmii_to_rgmii_m0/gmii_rx_clk | u2/mac_test0/mac_top0/mac_rx0/ip0/check_out[15]_i_1_n_0                                             | u2/mac_test0/mac_top0/mac_rx0/mac0/rst_n_0                                                                                     |                4 |             16 |
|  u2/util_gmii_to_rgmii_m0/gmii_rx_clk | u2/mac_test0/identify_code[0]_i_1_n_0                                                               | u2/mac_test0/mac_top0/mac_rx0/mac0/rst_n_0                                                                                     |                4 |             16 |
|  u2/util_gmii_to_rgmii_m0/gmii_rx_clk | u2/mac_test0/identify_code_d0                                                                       | u2/mac_test0/mac_top0/mac_rx0/mac0/rst_n_0                                                                                     |                6 |             16 |
|  u1/util_gmii_to_rgmii_m0/gmii_rx_clk | u1/mac_test0/mac_top0/icmp0/icmp_data_length                                                        | u1/mac_test0/mac_top0/mac_rx0/mac0/rst_n_0                                                                                     |                4 |             16 |
|  u1/util_gmii_to_rgmii_m0/gmii_rx_clk | u1/mac_test0/mac_top0/icmp0/reply_checkout_buf                                                      | u1/mac_test0/mac_top0/mac_rx0/mac0/rst_n_0                                                                                     |                8 |             16 |
|  sys_clk_BUFG                         | u1/smi_config_inst/smi_inst/data_valid                                                              | u1/smi_config_inst/state[16]_i_2_n_0                                                                                           |                4 |             16 |
|  sys_clk_BUFG                         | u1/smi_config_inst/smi_inst/read_data[15]_i_1_n_0                                                   | u1/smi_config_inst/smi_inst/write_req_ack_i_2_n_0                                                                              |                4 |             16 |
|  sys_clk_BUFG                         | u2/smi_config_inst/smi_inst/data_valid                                                              | u2/smi_config_inst/state[16]_i_2_n_0                                                                                           |                4 |             16 |
|  sys_clk_BUFG                         | u2/smi_config_inst/smi_inst/read_data[15]_i_1_n_0                                                   | u2/smi_config_inst/smi_inst/write_req_ack_i_2_n_0                                                                              |                3 |             16 |
|  sys_clk_BUFG                         | i2c_config_m0/i2c_master_top_m0/byte_controller/bit_controller/cnt[15]_i_1__1_n_0                   | i2c_config_m0/i2c_master_top_m0/byte_controller/bit_controller/rst_n                                                           |                8 |             16 |
|  u1/util_gmii_to_rgmii_m0/gmii_rx_clk | u1/mac_test0/mac_top0/mac_rx0/ip0/ip_total_data_length[15]_i_1_n_0                                  | u1/mac_test0/mac_top0/mac_rx0/mac0/rst_n_0                                                                                     |                3 |             16 |
|  u1/util_gmii_to_rgmii_m0/gmii_rx_clk | u1/mac_test0/identify_code_d0                                                                       | u1/mac_test0/mac_top0/mac_rx0/mac0/rst_n_0                                                                                     |                7 |             16 |
|  sys_clk_BUFG                         | i2c_config_m1/i2c_master_top_m0/byte_controller/bit_controller/cnt[15]_i_1__2_n_0                   | i2c_config_m0/i2c_master_top_m0/byte_controller/bit_controller/rst_n                                                           |                7 |             16 |
|  u1/util_gmii_to_rgmii_m0/gmii_rx_clk | u1/camera_fifo_inst/U0/inst_fifo_gen/gconvfifo.rf/grf.rf/gntv_or_sync_fifo.gl0.rd/gras.rsts/p_8_out | u1/camera_fifo_inst/U0/inst_fifo_gen/gconvfifo.rf/grf.rf/rstblk/ngwrdrst.grst.g7serrst.gsckt_wrst.gic_rst.sckt_rd_rst_ic_reg_0 |                7 |             24 |
|  u2/util_gmii_to_rgmii_m0/gmii_rx_clk | u2/camera_fifo_inst/U0/inst_fifo_gen/gconvfifo.rf/grf.rf/gntv_or_sync_fifo.gl0.rd/gras.rsts/p_8_out | u2/camera_fifo_inst/U0/inst_fifo_gen/gconvfifo.rf/grf.rf/rstblk/ngwrdrst.grst.g7serrst.gsckt_wrst.gic_rst.sckt_rd_rst_ic_reg_0 |                5 |             24 |
|  u2/util_gmii_to_rgmii_m0/gmii_rx_clk | u2/mac_test0/mac_top0/icmp0/reply_checksum_tmp                                                      | u2/mac_test0/mac_top0/mac_rx0/mac0/rst_n_0                                                                                     |               10 |             32 |
|  u2/util_gmii_to_rgmii_m0/gmii_rx_clk | u2/mac_test0/mac_top0/mac_tx0/mac0/E[0]                                                             | u2/mac_test0/mac_top0/mac_rx0/mac0/rst_n_0                                                                                     |                6 |             32 |
|  u1/util_gmii_to_rgmii_m0/gmii_rx_clk | u1/mac_test0/mac_top0/mac_rx0/mac0/E[0]                                                             | u1/mac_test0/mac_top0/mac_rx0/mac0/rst_n_0                                                                                     |                7 |             32 |
|  u1/util_gmii_to_rgmii_m0/gmii_rx_clk | u1/mac_test0/mac_top0/icmp0/checksum_tmp                                                            | u1/mac_test0/mac_top0/mac_rx0/mac0/rst_n_0                                                                                     |               11 |             32 |
|  u1/util_gmii_to_rgmii_m0/gmii_rx_clk | u1/mac_test0/mac_top0/icmp0/reply_checksum_tmp                                                      | u1/mac_test0/mac_top0/mac_rx0/mac0/rst_n_0                                                                                     |               11 |             32 |
|  u2/util_gmii_to_rgmii_m0/gmii_rx_clk | u2/mac_test0/mac_top0/mac_tx0/mac0/E[0]                                                             | u2/mac_test0/mac_top0/mac_tx0/mac0/AS[0]                                                                                       |               10 |             32 |
|  u1/util_gmii_to_rgmii_m0/gmii_rx_clk | u1/mac_test0/mac_top0/mac_rx0/ip0/checksum_tmp0                                                     | u1/mac_test0/mac_top0/mac_rx0/mac0/rst_n_0                                                                                     |                8 |             32 |
|  u1/util_gmii_to_rgmii_m0/gmii_rx_clk | u1/mac_test0/mac_top0/mac_tx0/mac0/E[0]                                                             | u1/mac_test0/mac_top0/mac_rx0/mac0/rst_n_0                                                                                     |                8 |             32 |
|  u2/util_gmii_to_rgmii_m0/gmii_rx_clk | u2/mac_test0/mac_top0/mac_rx0/ip0/checksum_tmp0                                                     | u2/mac_test0/mac_top0/mac_rx0/mac0/rst_n_0                                                                                     |                8 |             32 |
|  u1/util_gmii_to_rgmii_m0/gmii_rx_clk | u1/mac_test0/mac_top0/mac_rx0/mac0/E[0]                                                             | u1/mac_test0/mac_top0/mac_rx0/mac0/AS[0]                                                                                       |               10 |             32 |
|  u2/util_gmii_to_rgmii_m0/gmii_rx_clk | u2/mac_test0/mac_top0/mac_rx0/mac0/E[0]                                                             | u2/mac_test0/mac_top0/mac_rx0/mac0/AS[0]                                                                                       |               10 |             32 |
|  u2/util_gmii_to_rgmii_m0/gmii_rx_clk | u2/mac_test0/mac_top0/mac_rx0/mac0/E[0]                                                             | u2/mac_test0/mac_top0/mac_rx0/mac0/rst_n_0                                                                                     |                8 |             32 |
|  u1/util_gmii_to_rgmii_m0/gmii_rx_clk | u1/mac_test0/mac_top0/mac_tx0/mac0/E[0]                                                             | u1/mac_test0/mac_top0/mac_tx0/mac0/AS[0]                                                                                       |                9 |             32 |
|  u2/util_gmii_to_rgmii_m0/gmii_rx_clk | u2/mac_test0/mac_top0/icmp0/checksum_tmp                                                            | u2/mac_test0/mac_top0/mac_rx0/mac0/rst_n_0                                                                                     |                9 |             32 |
|  u1/util_gmii_to_rgmii_m0/gmii_rx_clk | u1/mac_test0/mac_top0/icmp0/check_out                                                               | u1/mac_test0/mac_top0/mac_rx0/mac0/rst_n_0                                                                                     |                5 |             34 |
|  u2/util_gmii_to_rgmii_m0/gmii_rx_clk | u2/mac_test0/mac_top0/icmp0/check_out                                                               | u2/mac_test0/mac_top0/mac_rx0/mac0/rst_n_0                                                                                     |                8 |             34 |
|  cmos_select_inst/cmos_pclk_BUFG      | u2/camera_fifo_inst/U0/inst_fifo_gen/gconvfifo.rf/grf.rf/gntv_or_sync_fifo.gl0.wr/gwas.wsts/E[0]    | u2/camera_fifo_inst/U0/inst_fifo_gen/gconvfifo.rf/grf.rf/rstblk/ngwrdrst.grst.g7serrst.gsckt_wrst.gic_rst.sckt_wr_rst_ic_reg_0 |                7 |             36 |
|  cmos_select_inst/cmos_pclk_BUFG      | u1/camera_fifo_inst/U0/inst_fifo_gen/gconvfifo.rf/grf.rf/gntv_or_sync_fifo.gl0.wr/gwas.wsts/E[0]    | u1/camera_fifo_inst/U0/inst_fifo_gen/gconvfifo.rf/grf.rf/rstblk/ngwrdrst.grst.g7serrst.gsckt_wrst.gic_rst.sckt_wr_rst_ic_reg_0 |                8 |             36 |
|  sys_clk_BUFG                         |                                                                                                     | u2/smi_config_inst/smi_inst/write_req_ack_i_2_n_0                                                                              |               32 |             69 |
|  sys_clk_BUFG                         |                                                                                                     | u1/smi_config_inst/smi_inst/write_req_ack_i_2_n_0                                                                              |               26 |             69 |
|  u2/util_gmii_to_rgmii_m0/gmii_rx_clk | u2/mac_test0/mac_top0/mac_rx0/arp0/arp_found_reg_0                                                  | u2/mac_test0/mac_top0/mac_rx0/mac0/rst_n_0                                                                                     |               20 |             80 |
|  u1/util_gmii_to_rgmii_m0/gmii_rx_clk | u1/mac_test0/mac_top0/mac_tx0/arp_tx0/arp_tx_ready0                                                 | u1/mac_test0/mac_top0/mac_rx0/mac0/rst_n_0                                                                                     |               16 |             80 |
|  u1/util_gmii_to_rgmii_m0/gmii_rx_clk | u1/mac_test0/mac_top0/mac_rx0/arp0/arp_found_reg_0                                                  | u1/mac_test0/mac_top0/mac_rx0/mac0/rst_n_0                                                                                     |               21 |             80 |
|  u2/util_gmii_to_rgmii_m0/gmii_rx_clk | u2/mac_test0/mac_top0/mac_tx0/arp_tx0/arp_tx_ready0                                                 | u2/mac_test0/mac_top0/mac_rx0/mac0/rst_n_0                                                                                     |               18 |             80 |
|  u2/util_gmii_to_rgmii_m0/gmii_rx_clk |                                                                                                     |                                                                                                                                |               27 |             94 |
|  u1/util_gmii_to_rgmii_m0/gmii_rx_clk |                                                                                                     |                                                                                                                                |               28 |             94 |
|  sys_clk_BUFG                         |                                                                                                     | u2/smi_config_inst/state[16]_i_2_n_0                                                                                           |               27 |             97 |
|  sys_clk_BUFG                         |                                                                                                     | u1/smi_config_inst/state[16]_i_2_n_0                                                                                           |               30 |             97 |
|  u1/util_gmii_to_rgmii_m0/gmii_rx_clk | u1/mac_test0/mac_top0/mac_tx0/ip0/checksum_tmp2[4]_i_1_n_0                                          | u1/mac_test0/mac_top0/mac_rx0/mac0/rst_n_0                                                                                     |               28 |            128 |
|  u2/util_gmii_to_rgmii_m0/gmii_rx_clk | u2/mac_test0/mac_top0/mac_tx0/ip0/checksum_tmp2[4]_i_1_n_0                                          | u2/mac_test0/mac_top0/mac_rx0/mac0/rst_n_0                                                                                     |               27 |            128 |
|  sys_clk_BUFG                         |                                                                                                     | i2c_config_m0/i2c_master_top_m0/byte_controller/bit_controller/rst_n                                                           |               70 |            160 |
|  cmos_select_inst/cmos_pclk_BUFG      |                                                                                                     |                                                                                                                                |               37 |            162 |
|  u1/util_gmii_to_rgmii_m0/gmii_rx_clk |                                                                                                     | u1/mac_test0/mac_top0/mac_rx0/mac0/rst_n_0                                                                                     |              255 |            815 |
|  u2/util_gmii_to_rgmii_m0/gmii_rx_clk |                                                                                                     | u2/mac_test0/mac_top0/mac_rx0/mac0/rst_n_0                                                                                     |              265 |            815 |
+---------------------------------------+-----------------------------------------------------------------------------------------------------+--------------------------------------------------------------------------------------------------------------------------------+------------------+----------------+


