Archive member included to satisfy reference by file (symbol)

/usr/lib/gcc/riscv64-unknown-elf/13.2.0/rv32i/ilp32/libgcc.a(div.o)
                              /tmp/ccGv6kAv.ltrans0.ltrans.o (__udivsi3)

There are no discarded input sections

Memory Configuration

Name             Origin             Length             Attributes
IMEM             0x00000000         0x00008000         xr!w
DMEM             0x10000000         0x00008000         rw!x
*default*        0x00000000         0xffffffff

Linker script and memory map

                0x00000400                        _HEAP_SIZE = 0x400
                0x00000200                        _STACK_SIZE = 0x200
                0x00000000                        . = ORIGIN (IMEM)

.text           0x00000000     0x1258
                0x00000000                        _text_start = .
 *(.text .text.*)
 .text          0x00000000       0x74 /tmp/cc1ebJrj.o
                0x00000000                _boot_crt
 .text          0x00000074      0x510 /tmp/ccGv6kAv.ltrans0.ltrans.o
 .text.startup  0x00000584      0xa68 /tmp/ccGv6kAv.ltrans0.ltrans.o
                0x00000584                main
 .text          0x00000fec       0xb4 /usr/lib/gcc/riscv64-unknown-elf/13.2.0/rv32i/ilp32/libgcc.a(div.o)
                0x00000fec                __divsi3
                0x00000ff4                __hidden___udivsi3
                0x00000ff4                __udivsi3
                0x0000103c                __umodsi3
                0x00001070                __modsi3
 *(.rodata .rodata.*)
 .rodata.str1.4
                0x000010a0      0x1b6 /tmp/ccGv6kAv.ltrans0.ltrans.o
 *(.srodata .srodata.*)
                0x00001258                        . = ALIGN (0x4)
 *fill*         0x00001256        0x2 
                0x00001258                        _text_end = .
                0x00001258                        _idata_start = _text_end

.rela.dyn       0x00000000        0x0
 .rela.text     0x00000000        0x0 /tmp/cc1ebJrj.o

.data           0x10000000       0x18 load address 0x00001258
                0x10000000                        _data_start = .
 *(.data .data.*)
 .data          0x10000000        0x0 /tmp/cc1ebJrj.o
 .data          0x10000000       0x13 /tmp/ccGv6kAv.ltrans0.ltrans.o
 .data          0x10000013        0x0 /usr/lib/gcc/riscv64-unknown-elf/13.2.0/rv32i/ilp32/libgcc.a(div.o)
                0x10000018                        . = ALIGN (0x8)
 *fill*         0x10000013        0x5 
                0x10000818                        PROVIDE (__global_pointer$ = (. + 0x800))
 *(.sdata .sdata.*)
                0x10000018                        . = ALIGN (0x4)
                0x10000018                        _data_end = .

.bss            0x10000018     0x1414 load address 0x00001270
                0x10000018                        _bss_start = .
 *(.bss .bss.*)
 .bss           0x10000018        0x0 /tmp/cc1ebJrj.o
 .bss           0x10000018     0x1410 /tmp/ccGv6kAv.ltrans0.ltrans.o
 .bss           0x10001428        0x0 /usr/lib/gcc/riscv64-unknown-elf/13.2.0/rv32i/ilp32/libgcc.a(div.o)
 *(.sbss .sbss.*)
 .sbss          0x10001428        0x4 /tmp/ccGv6kAv.ltrans0.ltrans.o
 *(COMMON)
                0x1000142c                        . = ALIGN (0x4)
                0x1000142c                        _bss_end = .
                0x10001430                        . = ALIGN (0x10)

.heap           0x1000142c      0x404 load address 0x00002684
                0x1000142c                        _heap_start = .
                0x1000182c                        . = (. + _HEAP_SIZE)
 *fill*         0x1000142c      0x400 
                0x10001830                        . = ALIGN (0x10)
 *fill*         0x1000182c        0x4 
                0x10001830                        _heap_end = .
                0x10001830                        . = ALIGN (0x8)
                [!provide]                        PROVIDE (_end = .)
                [!provide]                        PROVIDE (end = .)
                0x10008000                        PROVIDE (_stack_start = (ORIGIN (DMEM) + LENGTH (DMEM)))

.stack          0x10007e00      0x200
                0x10008000                        . = (. + _STACK_SIZE)
 *fill*         0x10007e00      0x200 
                0x10007e00                        _stack_end = (_stack_start - SIZEOF (.stack))
LOAD /tmp/cc1ebJrj.o
LOAD /tmp/ccqic59w.o
LOAD /tmp/ccGv6kAv.ltrans0.ltrans.o
LOAD /tmp/ccATu5JF.o
LOAD /tmp/ccsg9dDK.o
LOAD /tmp/ccf1xc2U.o
LOAD /tmp/ccJs3J1L.o
LOAD /tmp/cc7942L9.o
LOAD /usr/lib/gcc/riscv64-unknown-elf/13.2.0/rv32i/ilp32/libgcc.a
OUTPUT(/mnt/e/GoogleDrive/Projekti/ChiliChips/wireguard-fpga/3.build/sw_build/main.elf elf32-littleriscv)

.riscv.attributes
                0x00000000       0x1c
 .riscv.attributes
                0x00000000       0x1a /tmp/cc1ebJrj.o
 .riscv.attributes
                0x0000001a       0x1c /tmp/ccGv6kAv.ltrans0.ltrans.o
 .riscv.attributes
                0x00000036       0x1a /usr/lib/gcc/riscv64-unknown-elf/13.2.0/rv32i/ilp32/libgcc.a(div.o)

.comment        0x00000000       0x22
 .comment       0x00000000       0x22 /tmp/ccGv6kAv.ltrans0.ltrans.o
                                 0x23 (size before relaxing)

.debug_line     0x00000000      0x153
 .debug_line    0x00000000      0x153 /usr/lib/gcc/riscv64-unknown-elf/13.2.0/rv32i/ilp32/libgcc.a(div.o)

.debug_line_str
                0x00000000       0xa2
 .debug_line_str
                0x00000000       0xa2 /usr/lib/gcc/riscv64-unknown-elf/13.2.0/rv32i/ilp32/libgcc.a(div.o)

.debug_info     0x00000000       0x5f
 .debug_info    0x00000000       0x5f /usr/lib/gcc/riscv64-unknown-elf/13.2.0/rv32i/ilp32/libgcc.a(div.o)

.debug_abbrev   0x00000000       0x28
 .debug_abbrev  0x00000000       0x28 /usr/lib/gcc/riscv64-unknown-elf/13.2.0/rv32i/ilp32/libgcc.a(div.o)

.debug_aranges  0x00000000       0x20
 .debug_aranges
                0x00000000       0x20 /usr/lib/gcc/riscv64-unknown-elf/13.2.0/rv32i/ilp32/libgcc.a(div.o)

.debug_str      0x00000000       0xdd
 .debug_str     0x00000000       0xdd /usr/lib/gcc/riscv64-unknown-elf/13.2.0/rv32i/ilp32/libgcc.a(div.o)
                                 0xe7 (size before relaxing)
