Archive member included to satisfy reference by file (symbol)

/usr/lib/gcc/riscv64-unknown-elf/13.2.0/rv32i/ilp32/libgcc.a(muldi3.o)
                              /tmp/ccNwtCGW.ltrans0.ltrans.o (__mulsi3)
/usr/lib/gcc/riscv64-unknown-elf/13.2.0/rv32i/ilp32/libgcc.a(div.o)
                              /tmp/ccNwtCGW.ltrans0.ltrans.o (__udivsi3)

There are no discarded input sections

Memory Configuration

Name             Origin             Length             Attributes
IMEM             0x00000000         0x00008000         xr!w
DMEM             0x10000000         0x00008000         rw!x
*default*        0x00000000         0xffffffff

Linker script and memory map

                0x00000400                        _HEAP_SIZE = 0x400
                0x00000200                        _STACK_SIZE = 0x200
                0x00000000                        . = ORIGIN (IMEM)

.text           0x00000000     0x2758
                0x00000000                        _text_start = .
 *(.text .text.*)
 .text          0x00000000       0x70 /tmp/ccTrAbt1.o
                0x00000000                _boot_crt
 .text          0x00000070     0x24fc /tmp/ccNwtCGW.ltrans0.ltrans.o
                0x00002488                main
 .text          0x0000256c       0x24 /usr/lib/gcc/riscv64-unknown-elf/13.2.0/rv32i/ilp32/libgcc.a(muldi3.o)
                0x0000256c                __mulsi3
 .text          0x00002590       0xb4 /usr/lib/gcc/riscv64-unknown-elf/13.2.0/rv32i/ilp32/libgcc.a(div.o)
                0x00002590                __divsi3
                0x00002598                __hidden___udivsi3
                0x00002598                __udivsi3
                0x000025e0                __umodsi3
                0x00002614                __modsi3
 *(.rodata .rodata.*)
 .rodata.str1.4
                0x00002644      0x113 /tmp/ccNwtCGW.ltrans0.ltrans.o
 *(.srodata .srodata.*)
                0x00002758                        . = ALIGN (0x4)
 *fill*         0x00002757        0x1 
                0x00002758                        _text_end = .
                0x00002758                        _idata_start = _text_end

.rela.dyn       0x00000000        0x0
 .rela.text     0x00000000        0x0 /tmp/ccTrAbt1.o

.data           0x10000000        0x0 load address 0x00002758
                0x10000000                        _data_start = .
 *(.data .data.*)
 .data          0x10000000        0x0 /tmp/ccTrAbt1.o
 .data          0x10000000        0x0 /tmp/ccNwtCGW.ltrans0.ltrans.o
 .data          0x10000000        0x0 /usr/lib/gcc/riscv64-unknown-elf/13.2.0/rv32i/ilp32/libgcc.a(muldi3.o)
 .data          0x10000000        0x0 /usr/lib/gcc/riscv64-unknown-elf/13.2.0/rv32i/ilp32/libgcc.a(div.o)
                0x10000000                        . = ALIGN (0x8)
                0x10000800                        PROVIDE (__global_pointer$ = (. + 0x800))
 *(.sdata .sdata.*)
                0x10000000                        . = ALIGN (0x4)
                0x10000000                        _data_end = .

.bss            0x10000000      0xe0c load address 0x00002758
                0x10000000                        _bss_start = .
 *(.bss .bss.*)
 .bss           0x10000000        0x0 /tmp/ccTrAbt1.o
 .bss           0x10000000      0xe0c /tmp/ccNwtCGW.ltrans0.ltrans.o
 .bss           0x10000e0c        0x0 /usr/lib/gcc/riscv64-unknown-elf/13.2.0/rv32i/ilp32/libgcc.a(muldi3.o)
 .bss           0x10000e0c        0x0 /usr/lib/gcc/riscv64-unknown-elf/13.2.0/rv32i/ilp32/libgcc.a(div.o)
 *(.sbss .sbss.*)
 *(COMMON)
                0x10000e0c                        . = ALIGN (0x4)
                0x10000e0c                        _bss_end = .
                0x10000e10                        . = ALIGN (0x10)

.heap           0x10000e0c      0x404 load address 0x00003564
                0x10000e0c                        _heap_start = .
                0x1000120c                        . = (. + _HEAP_SIZE)
 *fill*         0x10000e0c      0x400 
                0x10001210                        . = ALIGN (0x10)
 *fill*         0x1000120c        0x4 
                0x10001210                        _heap_end = .
                0x10001210                        . = ALIGN (0x8)
                [!provide]                        PROVIDE (_end = .)
                [!provide]                        PROVIDE (end = .)
                0x10008000                        PROVIDE (_stack_start = (ORIGIN (DMEM) + LENGTH (DMEM)))

.stack          0x10007e00      0x200
                0x10008000                        . = (. + _STACK_SIZE)
 *fill*         0x10007e00      0x200 
                0x10007e00                        _stack_end = (_stack_start - SIZEOF (.stack))
LOAD /tmp/ccTrAbt1.o
LOAD /tmp/ccDrAaaM.o
LOAD /tmp/ccNwtCGW.ltrans0.ltrans.o
LOAD /tmp/cciHtHjY.o
LOAD /tmp/ccVaLoe8.o
LOAD /tmp/ccPKZ6uR.o
LOAD /tmp/ccqiCit2.o
LOAD /tmp/ccHJnYlr.o
LOAD /usr/lib/gcc/riscv64-unknown-elf/13.2.0/rv32i/ilp32/libgcc.a
OUTPUT(/mnt/c/Users/azuni/Documents/Projects/wireguard-fpga/3.build/sw_build/main.elf elf32-littleriscv)

.riscv.attributes
                0x00000000       0x1c
 .riscv.attributes
                0x00000000       0x1a /tmp/ccTrAbt1.o
 .riscv.attributes
                0x0000001a       0x1c /tmp/ccNwtCGW.ltrans0.ltrans.o
 .riscv.attributes
                0x00000036       0x1a /usr/lib/gcc/riscv64-unknown-elf/13.2.0/rv32i/ilp32/libgcc.a(muldi3.o)
 .riscv.attributes
                0x00000050       0x1a /usr/lib/gcc/riscv64-unknown-elf/13.2.0/rv32i/ilp32/libgcc.a(div.o)

.comment        0x00000000       0x22
 .comment       0x00000000       0x22 /tmp/ccNwtCGW.ltrans0.ltrans.o
                                 0x23 (size before relaxing)

.debug_line     0x00000000      0x1cd
 .debug_line    0x00000000       0x7a /usr/lib/gcc/riscv64-unknown-elf/13.2.0/rv32i/ilp32/libgcc.a(muldi3.o)
 .debug_line    0x0000007a      0x153 /usr/lib/gcc/riscv64-unknown-elf/13.2.0/rv32i/ilp32/libgcc.a(div.o)

.debug_line_str
                0x00000000       0xab
 .debug_line_str
                0x00000000       0xab /usr/lib/gcc/riscv64-unknown-elf/13.2.0/rv32i/ilp32/libgcc.a(muldi3.o)
                                 0xa5 (size before relaxing)
 .debug_line_str
                0x000000ab       0xa2 /usr/lib/gcc/riscv64-unknown-elf/13.2.0/rv32i/ilp32/libgcc.a(div.o)

.debug_info     0x00000000       0x90
 .debug_info    0x00000000       0x31 /usr/lib/gcc/riscv64-unknown-elf/13.2.0/rv32i/ilp32/libgcc.a(muldi3.o)
 .debug_info    0x00000031       0x5f /usr/lib/gcc/riscv64-unknown-elf/13.2.0/rv32i/ilp32/libgcc.a(div.o)

.debug_abbrev   0x00000000       0x50
 .debug_abbrev  0x00000000       0x28 /usr/lib/gcc/riscv64-unknown-elf/13.2.0/rv32i/ilp32/libgcc.a(muldi3.o)
 .debug_abbrev  0x00000028       0x28 /usr/lib/gcc/riscv64-unknown-elf/13.2.0/rv32i/ilp32/libgcc.a(div.o)

.debug_aranges  0x00000000       0x40
 .debug_aranges
                0x00000000       0x20 /usr/lib/gcc/riscv64-unknown-elf/13.2.0/rv32i/ilp32/libgcc.a(muldi3.o)
 .debug_aranges
                0x00000020       0x20 /usr/lib/gcc/riscv64-unknown-elf/13.2.0/rv32i/ilp32/libgcc.a(div.o)

.debug_str      0x00000000      0x11d
 .debug_str     0x00000000      0x11d /usr/lib/gcc/riscv64-unknown-elf/13.2.0/rv32i/ilp32/libgcc.a(muldi3.o)
                                 0xba (size before relaxing)
 .debug_str     0x0000011d       0xe7 /usr/lib/gcc/riscv64-unknown-elf/13.2.0/rv32i/ilp32/libgcc.a(div.o)
