
There are no discarded input sections

Memory Configuration

Name             Origin             Length             Attributes
IMEM             0x00000000         0x00008000         xr!w
DMEM             0x10000000         0x00008000         rw!x
*default*        0x00000000         0xffffffff

Linker script and memory map

                0x00000400                        _HEAP_SIZE = 0x400
                0x00000200                        _STACK_SIZE = 0x200
                0x00000000                        . = ORIGIN (IMEM)

.text           0x00000000      0x7a8
                0x00000000                        _text_start = .
 *(.text .text.*)
 .text          0x00000000       0x70 /tmp/ccCZhzhs.o
                0x00000000                _boot_crt
 .text          0x00000070      0x298 /tmp/cceWCj7X.ltrans0.ltrans.o
                0x000002c4                memset
                0x000002e4                memcpy
 .text.startup  0x00000308      0x4a0 /tmp/cceWCj7X.ltrans0.ltrans.o
                0x00000308                main
 *(.rodata .rodata.*)
 *(.srodata .srodata.*)
                0x000007a8                        . = ALIGN (0x4)
                0x000007a8                        _text_end = .
                0x000007a8                        _idata_start = _text_end

.rela.dyn       0x000007a8        0x0
 .rela.text     0x000007a8        0x0 /tmp/ccCZhzhs.o

.data           0x10000000        0x0 load address 0x000007a8
                0x10000000                        _data_start = .
 *(.data .data.*)
 .data          0x10000000        0x0 /tmp/ccCZhzhs.o
 .data          0x10000000        0x0 /tmp/cceWCj7X.ltrans0.ltrans.o
                0x10000000                        . = ALIGN (0x8)
                0x10000800                        PROVIDE (__global_pointer$ = (. + 0x800))
 *(.sdata .sdata.*)
                0x10000000                        . = ALIGN (0x4)
                0x10000000                        _data_end = .

.bss            0x10000000      0xe0c load address 0x000007a8
                0x10000000                        _bss_start = .
 *(.bss .bss.*)
 .bss           0x10000000        0x0 /tmp/ccCZhzhs.o
 .bss           0x10000000      0xe08 /tmp/cceWCj7X.ltrans0.ltrans.o
 *(.sbss .sbss.*)
 .sbss          0x10000e08        0x4 /tmp/cceWCj7X.ltrans0.ltrans.o
 *(COMMON)
                0x10000e0c                        . = ALIGN (0x4)
                0x10000e0c                        _bss_end = .
                0x10000e10                        . = ALIGN (0x10)

.heap           0x10000e0c      0x404 load address 0x000015b4
                0x10000e0c                        _heap_start = .
                0x1000120c                        . = (. + _HEAP_SIZE)
 *fill*         0x10000e0c      0x400 
                0x10001210                        . = ALIGN (0x10)
 *fill*         0x1000120c        0x4 
                0x10001210                        _heap_end = .
                0x10001210                        . = ALIGN (0x8)
                [!provide]                        PROVIDE (_end = .)
                [!provide]                        PROVIDE (end = .)
                0x10008000                        PROVIDE (_stack_start = (ORIGIN (DMEM) + LENGTH (DMEM)))

.stack          0x10007e00      0x200
                0x10008000                        . = (. + _STACK_SIZE)
 *fill*         0x10007e00      0x200 
                0x10007e00                        _stack_end = (_stack_start - SIZEOF (.stack))
LOAD /tmp/ccCZhzhs.o
LOAD /tmp/ccxqID5u.o
LOAD /tmp/cceWCj7X.ltrans0.ltrans.o
LOAD /tmp/ccPV3a6j.o
LOAD /tmp/cclkrTGJ.o
LOAD /tmp/ccgz1E3k.o
LOAD /tmp/cc0DAB21.o
LOAD /tmp/ccq9jBZk.o
LOAD /usr/lib/gcc/riscv64-unknown-elf/13.2.0/rv32i/ilp32/libgcc.a
OUTPUT(/mnt/c/Users/azuni/Documents/Projects/wireguard-fpga/3.build/sw_build/main.elf elf32-littleriscv)

.riscv.attributes
                0x00000000       0x1c
 .riscv.attributes
                0x00000000       0x1a /tmp/ccCZhzhs.o
 .riscv.attributes
                0x0000001a       0x1c /tmp/cceWCj7X.ltrans0.ltrans.o

.comment        0x00000000       0x22
 .comment       0x00000000       0x22 /tmp/cceWCj7X.ltrans0.ltrans.o
                                 0x23 (size before relaxing)
