
Discarded input sections

 .group         0x00000000        0x8 /tmp/cckwcg3a.o
 .group         0x00000000        0x8 /tmp/cckwcg3a.o
 .group         0x00000000        0x8 /tmp/cckwcg3a.o
 .group         0x00000000        0x8 /tmp/ccvZdmwh.o
 .group         0x00000000        0x8 /tmp/ccvZdmwh.o
 .group         0x00000000        0x8 /tmp/ccvZdmwh.o
 .group         0x00000000        0x8 /tmp/ccvZdmwh.o
 .group         0x00000000        0x8 /tmp/ccvZdmwh.o
 .group         0x00000000        0x8 /tmp/ccvZdmwh.o
 .group         0x00000000        0x8 /tmp/ccvZdmwh.o
 .group         0x00000000        0xc /tmp/ccvZdmwh.o
 .group         0x00000000        0x8 /tmp/ccvZdmwh.o
 .group         0x00000000        0x8 /tmp/ccvZdmwh.o
 .group         0x00000000        0x8 /tmp/ccvZdmwh.o
 .group         0x00000000        0x8 /tmp/ccvZdmwh.o
 .group         0x00000000        0x8 /tmp/ccvZdmwh.o
 .group         0x00000000        0x8 /tmp/ccvZdmwh.o
 .group         0x00000000        0x8 /tmp/ccvZdmwh.o
 .group         0x00000000        0xc /tmp/ccvZdmwh.o
 .group         0x00000000        0xc /tmp/ccvZdmwh.o
 .group         0x00000000        0x8 /tmp/ccvZdmwh.o
 .group         0x00000000        0x8 /tmp/ccvZdmwh.o
 .group         0x00000000        0x8 /tmp/ccvZdmwh.o
 .group         0x00000000        0x8 /tmp/ccvZdmwh.o
 .group         0x00000000        0xc /tmp/ccvZdmwh.o
 .group         0x00000000        0x8 /tmp/ccvZdmwh.o
 .group         0x00000000        0x8 /tmp/ccvZdmwh.o
 .group         0x00000000        0x8 /tmp/ccvZdmwh.o
 .group         0x00000000        0x8 /tmp/ccvZdmwh.o
 .group         0x00000000        0x8 /tmp/ccvZdmwh.o
 .group         0x00000000        0xc /tmp/ccvZdmwh.o
 .group         0x00000000        0x8 /tmp/ccvZdmwh.o
 .group         0x00000000        0xc /tmp/ccvZdmwh.o
 .group         0x00000000        0x8 /tmp/ccvZdmwh.o
 .group         0x00000000        0xc /tmp/ccvZdmwh.o

Memory Configuration

Name             Origin             Length             Attributes
IMEM             0x00000000         0x00008000         xr!w
DMEM             0x10000000         0x00008000         rw!x
*default*        0x00000000         0xffffffff

Linker script and memory map

                0x00000400                        _HEAP_SIZE = 0x400
                0x00000200                        _STACK_SIZE = 0x200
                0x00000000                        . = ORIGIN (IMEM)

.text           0x00000000     0x127c
                0x00000000                        _text_start = .
 *(.text .text.*)
 .text          0x00000000       0x70 /tmp/ccizgoBt.o
                0x00000000                _boot_crt
 .text          0x00000070      0x364 /tmp/cckwcg3a.o
                0x00000070                uart_send_char
                0x000000d8                uart_send_hex
                0x00000154                uart_send
                0x000001a4                uart_recv
                0x000002a8                uart_test
 .text._ZN18csr__uart__rx_vp_t4fullEv
                0x000003d4       0x20 /tmp/cckwcg3a.o
                0x000003d4                csr__uart__rx_vp_t::full()
 .text._ZN18csr__uart__tx_vp_t4dataEm
                0x000003f4       0x2c /tmp/cckwcg3a.o
                0x000003f4                csr__uart__tx_vp_t::data(unsigned long)
 .text._ZN18csr__uart__tx_vp_t4busyEv
                0x00000420       0x28 /tmp/cckwcg3a.o
                0x00000420                csr__uart__tx_vp_t::busy()
 .text          0x00000448      0x1f4 /tmp/ccv9S9GS.o
                0x00000448                memset
                0x000004ac                memcpy
                0x0000051c                memcmp
                0x000005bc                strlen
                0x000005fc                strcmp
 .text          0x0000063c       0x94 /tmp/ccNoEz3d.o
                0x0000063c                malloc
                0x00000690                operator new(unsigned int)
                0x000006bc                operator delete(void*)
 .text          0x000006d0       0xf8 /tmp/ccvZdmwh.o
                0x000006d0                delay(unsigned long)
                0x00000710                main
 .text._ZN33csr__cpu_fifo__rx__data_31_0_vp_tC2EPm
                0x000007c8       0x24 /tmp/ccvZdmwh.o
                0x000007c8                csr__cpu_fifo__rx__data_31_0_vp_t::csr__cpu_fifo__rx__data_31_0_vp_t(unsigned long*)
                0x000007c8                csr__cpu_fifo__rx__data_31_0_vp_t::csr__cpu_fifo__rx__data_31_0_vp_t(unsigned long*)
 .text._ZN34csr__cpu_fifo__rx__data_63_32_vp_tC2EPm
                0x000007ec       0x24 /tmp/ccvZdmwh.o
                0x000007ec                csr__cpu_fifo__rx__data_63_32_vp_t::csr__cpu_fifo__rx__data_63_32_vp_t(unsigned long*)
                0x000007ec                csr__cpu_fifo__rx__data_63_32_vp_t::csr__cpu_fifo__rx__data_63_32_vp_t(unsigned long*)
 .text._ZN34csr__cpu_fifo__rx__data_95_64_vp_tC2EPm
                0x00000810       0x24 /tmp/ccvZdmwh.o
                0x00000810                csr__cpu_fifo__rx__data_95_64_vp_t::csr__cpu_fifo__rx__data_95_64_vp_t(unsigned long*)
                0x00000810                csr__cpu_fifo__rx__data_95_64_vp_t::csr__cpu_fifo__rx__data_95_64_vp_t(unsigned long*)
 .text._ZN35csr__cpu_fifo__rx__data_127_96_vp_tC2EPm
                0x00000834       0x24 /tmp/ccvZdmwh.o
                0x00000834                csr__cpu_fifo__rx__data_127_96_vp_t::csr__cpu_fifo__rx__data_127_96_vp_t(unsigned long*)
                0x00000834                csr__cpu_fifo__rx__data_127_96_vp_t::csr__cpu_fifo__rx__data_127_96_vp_t(unsigned long*)
 .text._ZN31csr__cpu_fifo__rx__control_vp_tC2EPm
                0x00000858       0x24 /tmp/ccvZdmwh.o
                0x00000858                csr__cpu_fifo__rx__control_vp_t::csr__cpu_fifo__rx__control_vp_t(unsigned long*)
                0x00000858                csr__cpu_fifo__rx__control_vp_t::csr__cpu_fifo__rx__control_vp_t(unsigned long*)
 .text._ZN31csr__cpu_fifo__rx__trigger_vp_tC2EPm
                0x0000087c       0x24 /tmp/ccvZdmwh.o
                0x0000087c                csr__cpu_fifo__rx__trigger_vp_t::csr__cpu_fifo__rx__trigger_vp_t(unsigned long*)
                0x0000087c                csr__cpu_fifo__rx__trigger_vp_t::csr__cpu_fifo__rx__trigger_vp_t(unsigned long*)
 .text._ZN30csr__cpu_fifo__rx__status_vp_tC2EPm
                0x000008a0       0x24 /tmp/ccvZdmwh.o
                0x000008a0                csr__cpu_fifo__rx__status_vp_t::csr__cpu_fifo__rx__status_vp_t(unsigned long*)
                0x000008a0                csr__cpu_fifo__rx__status_vp_t::csr__cpu_fifo__rx__status_vp_t(unsigned long*)
 .text._ZN22csr__cpu_fifo__rx_vp_tC2EPm
                0x000008c4      0x154 /tmp/ccvZdmwh.o
                0x000008c4                csr__cpu_fifo__rx_vp_t::csr__cpu_fifo__rx_vp_t(unsigned long*)
                0x000008c4                csr__cpu_fifo__rx_vp_t::csr__cpu_fifo__rx_vp_t(unsigned long*)
 .text._ZN33csr__cpu_fifo__tx__data_31_0_vp_tC2EPm
                0x00000a18       0x24 /tmp/ccvZdmwh.o
                0x00000a18                csr__cpu_fifo__tx__data_31_0_vp_t::csr__cpu_fifo__tx__data_31_0_vp_t(unsigned long*)
                0x00000a18                csr__cpu_fifo__tx__data_31_0_vp_t::csr__cpu_fifo__tx__data_31_0_vp_t(unsigned long*)
 .text._ZN34csr__cpu_fifo__tx__data_63_32_vp_tC2EPm
                0x00000a3c       0x24 /tmp/ccvZdmwh.o
                0x00000a3c                csr__cpu_fifo__tx__data_63_32_vp_t::csr__cpu_fifo__tx__data_63_32_vp_t(unsigned long*)
                0x00000a3c                csr__cpu_fifo__tx__data_63_32_vp_t::csr__cpu_fifo__tx__data_63_32_vp_t(unsigned long*)
 .text._ZN34csr__cpu_fifo__tx__data_95_64_vp_tC2EPm
                0x00000a60       0x24 /tmp/ccvZdmwh.o
                0x00000a60                csr__cpu_fifo__tx__data_95_64_vp_t::csr__cpu_fifo__tx__data_95_64_vp_t(unsigned long*)
                0x00000a60                csr__cpu_fifo__tx__data_95_64_vp_t::csr__cpu_fifo__tx__data_95_64_vp_t(unsigned long*)
 .text._ZN35csr__cpu_fifo__tx__data_127_96_vp_tC2EPm
                0x00000a84       0x24 /tmp/ccvZdmwh.o
                0x00000a84                csr__cpu_fifo__tx__data_127_96_vp_t::csr__cpu_fifo__tx__data_127_96_vp_t(unsigned long*)
                0x00000a84                csr__cpu_fifo__tx__data_127_96_vp_t::csr__cpu_fifo__tx__data_127_96_vp_t(unsigned long*)
 .text._ZN31csr__cpu_fifo__tx__control_vp_tC2EPm
                0x00000aa8       0x24 /tmp/ccvZdmwh.o
                0x00000aa8                csr__cpu_fifo__tx__control_vp_t::csr__cpu_fifo__tx__control_vp_t(unsigned long*)
                0x00000aa8                csr__cpu_fifo__tx__control_vp_t::csr__cpu_fifo__tx__control_vp_t(unsigned long*)
 .text._ZN31csr__cpu_fifo__tx__trigger_vp_tC2EPm
                0x00000acc       0x24 /tmp/ccvZdmwh.o
                0x00000acc                csr__cpu_fifo__tx__trigger_vp_t::csr__cpu_fifo__tx__trigger_vp_t(unsigned long*)
                0x00000acc                csr__cpu_fifo__tx__trigger_vp_t::csr__cpu_fifo__tx__trigger_vp_t(unsigned long*)
 .text._ZN30csr__cpu_fifo__tx__status_vp_tC2EPm
                0x00000af0       0x24 /tmp/ccvZdmwh.o
                0x00000af0                csr__cpu_fifo__tx__status_vp_t::csr__cpu_fifo__tx__status_vp_t(unsigned long*)
                0x00000af0                csr__cpu_fifo__tx__status_vp_t::csr__cpu_fifo__tx__status_vp_t(unsigned long*)
 .text._ZN22csr__cpu_fifo__tx_vp_tC2EPm
                0x00000b14      0x154 /tmp/ccvZdmwh.o
                0x00000b14                csr__cpu_fifo__tx_vp_t::csr__cpu_fifo__tx_vp_t(unsigned long*)
                0x00000b14                csr__cpu_fifo__tx_vp_t::csr__cpu_fifo__tx_vp_t(unsigned long*)
 .text._ZN18csr__cpu_fifo_vp_tC2EPm
                0x00000c68       0x78 /tmp/ccvZdmwh.o
                0x00000c68                csr__cpu_fifo_vp_t::csr__cpu_fifo_vp_t(unsigned long*)
                0x00000c68                csr__cpu_fifo_vp_t::csr__cpu_fifo_vp_t(unsigned long*)
 .text._ZN18csr__uart__rx_vp_tC2EPm
                0x00000ce0       0x24 /tmp/ccvZdmwh.o
                0x00000ce0                csr__uart__rx_vp_t::csr__uart__rx_vp_t(unsigned long*)
                0x00000ce0                csr__uart__rx_vp_t::csr__uart__rx_vp_t(unsigned long*)
 .text._ZN40csr__uart__rx_trigger_read_2925067f_vp_tC2EPm
                0x00000d04       0x24 /tmp/ccvZdmwh.o
                0x00000d04                csr__uart__rx_trigger_read_2925067f_vp_t::csr__uart__rx_trigger_read_2925067f_vp_t(unsigned long*)
                0x00000d04                csr__uart__rx_trigger_read_2925067f_vp_t::csr__uart__rx_trigger_read_2925067f_vp_t(unsigned long*)
 .text._ZN18csr__uart__tx_vp_tC2EPm
                0x00000d28       0x24 /tmp/ccvZdmwh.o
                0x00000d28                csr__uart__tx_vp_t::csr__uart__tx_vp_t(unsigned long*)
                0x00000d28                csr__uart__tx_vp_t::csr__uart__tx_vp_t(unsigned long*)
 .text._ZN41csr__uart__tx_trigger_write_d2a2fe0e_vp_tC2EPm
                0x00000d4c       0x24 /tmp/ccvZdmwh.o
                0x00000d4c                csr__uart__tx_trigger_write_d2a2fe0e_vp_t::csr__uart__tx_trigger_write_d2a2fe0e_vp_t(unsigned long*)
                0x00000d4c                csr__uart__tx_trigger_write_d2a2fe0e_vp_t::csr__uart__tx_trigger_write_d2a2fe0e_vp_t(unsigned long*)
 .text._ZN14csr__uart_vp_tC2EPm
                0x00000d70       0xd0 /tmp/ccvZdmwh.o
                0x00000d70                csr__uart_vp_t::csr__uart_vp_t(unsigned long*)
                0x00000d70                csr__uart_vp_t::csr__uart_vp_t(unsigned long*)
 .text._ZN14csr__gpio_vp_tC2EPm
                0x00000e40       0x24 /tmp/ccvZdmwh.o
                0x00000e40                csr__gpio_vp_t::csr__gpio_vp_t(unsigned long*)
                0x00000e40                csr__gpio_vp_t::csr__gpio_vp_t(unsigned long*)
 .text._ZN14csr__gpio_vp_t4key1Ev
                0x00000e64       0x28 /tmp/ccvZdmwh.o
                0x00000e64                csr__gpio_vp_t::key1()
 .text._ZN14csr__gpio_vp_t4led1Em
                0x00000e8c       0x44 /tmp/ccvZdmwh.o
                0x00000e8c                csr__gpio_vp_t::led1(unsigned long)
 .text._ZN14csr__gpio_vp_t4led2Em
                0x00000ed0       0x44 /tmp/ccvZdmwh.o
                0x00000ed0                csr__gpio_vp_t::led2(unsigned long)
 .text._ZN26csr__ethernet__status_vp_tC2EPm
                0x00000f14       0x24 /tmp/ccvZdmwh.o
                0x00000f14                csr__ethernet__status_vp_t::csr__ethernet__status_vp_t(unsigned long*)
                0x00000f14                csr__ethernet__status_vp_t::csr__ethernet__status_vp_t(unsigned long*)
 .text._ZN18csr__ethernet_vp_tC2EPm
                0x00000f38       0x4c /tmp/ccvZdmwh.o
                0x00000f38                csr__ethernet_vp_t::csr__ethernet_vp_t(unsigned long*)
                0x00000f38                csr__ethernet_vp_t::csr__ethernet_vp_t(unsigned long*)
 .text._ZN18csr__dpe__fcr_vp_tC2EPm
                0x00000f84       0x24 /tmp/ccvZdmwh.o
                0x00000f84                csr__dpe__fcr_vp_t::csr__dpe__fcr_vp_t(unsigned long*)
                0x00000f84                csr__dpe__fcr_vp_t::csr__dpe__fcr_vp_t(unsigned long*)
 .text._ZN13csr__dpe_vp_tC2EPm
                0x00000fa8       0x4c /tmp/ccvZdmwh.o
                0x00000fa8                csr__dpe_vp_t::csr__dpe_vp_t(unsigned long*)
                0x00000fa8                csr__dpe_vp_t::csr__dpe_vp_t(unsigned long*)
 .text._ZN14csr__hwid_vp_tC2EPm
                0x00000ff4       0x24 /tmp/ccvZdmwh.o
                0x00000ff4                csr__hwid_vp_t::csr__hwid_vp_t(unsigned long*)
                0x00000ff4                csr__hwid_vp_t::csr__hwid_vp_t(unsigned long*)
 .text._ZN8csr_vp_tC2EPm
                0x00001018      0x160 /tmp/ccvZdmwh.o
                0x00001018                csr_vp_t::csr_vp_t(unsigned long*)
                0x00001018                csr_vp_t::csr_vp_t(unsigned long*)
 *(.rodata .rodata.*)
 .rodata        0x00001178      0x102 /tmp/cckwcg3a.o
 *(.srodata .srodata.*)
                0x0000127c                        . = ALIGN (0x4)
 *fill*         0x0000127a        0x2 
                0x0000127c                        _text_end = .
                0x0000127c                        _idata_start = _text_end

.rela.dyn       0x00000000        0x0
 .rela.text     0x00000000        0x0 /tmp/ccizgoBt.o

.data           0x10000000        0x0 load address 0x0000127c
                0x10000000                        _data_start = .
 *(.data .data.*)
 .data          0x10000000        0x0 /tmp/ccizgoBt.o
 .data          0x10000000        0x0 /tmp/cckwcg3a.o
 .data          0x10000000        0x0 /tmp/ccv9S9GS.o
 .data          0x10000000        0x0 /tmp/ccNoEz3d.o
 .data          0x10000000        0x0 /tmp/ccvZdmwh.o
                0x10000000                        . = ALIGN (0x8)
                0x10000800                        PROVIDE (__global_pointer$ = (. + 0x800))
 *(.sdata .sdata.*)
                0x10000000                        . = ALIGN (0x4)
                0x10000000                        _data_end = .

.bss            0x10000000      0x804 load address 0x0000127c
                0x10000000                        _bss_start = .
 *(.bss .bss.*)
 .bss           0x10000000        0x0 /tmp/ccizgoBt.o
 .bss           0x10000000        0x0 /tmp/cckwcg3a.o
 .bss           0x10000000        0x0 /tmp/ccv9S9GS.o
 .bss           0x10000000      0x800 /tmp/ccNoEz3d.o
                0x10000000                heap_memory
 .bss           0x10000800        0x0 /tmp/ccvZdmwh.o
 *(.sbss .sbss.*)
 .sbss          0x10000800        0x4 /tmp/ccNoEz3d.o
                0x10000800                heap_memory_used
 *(COMMON)
                0x10000804                        . = ALIGN (0x4)
                0x10000804                        _bss_end = .
                0x10000810                        . = ALIGN (0x10)

.heap           0x10000804      0x40c load address 0x00001a80
                0x10000804                        _heap_start = .
                0x10000c04                        . = (. + _HEAP_SIZE)
 *fill*         0x10000804      0x400 
                0x10000c10                        . = ALIGN (0x10)
 *fill*         0x10000c04        0xc 
                0x10000c10                        _heap_end = .
                0x10000c10                        . = ALIGN (0x8)
                [!provide]                        PROVIDE (_end = .)
                [!provide]                        PROVIDE (end = .)
                0x10008000                        PROVIDE (_stack_start = (ORIGIN (DMEM) + LENGTH (DMEM)))

.stack          0x10007e00      0x200
                0x10008000                        . = (. + _STACK_SIZE)
 *fill*         0x10007e00      0x200 
                0x10007e00                        _stack_end = (_stack_start - SIZEOF (.stack))
LOAD /tmp/ccizgoBt.o
LOAD /tmp/cckwcg3a.o
LOAD /tmp/ccv9S9GS.o
LOAD /tmp/ccNoEz3d.o
LOAD /tmp/ccvZdmwh.o
OUTPUT(/mnt/c/Users/azuni/Documents/Projects/wireguard-fpga/3.build/sw_build/main.elf elf32-littleriscv)

.riscv.attributes
                0x00000000       0x2a
 .riscv.attributes
                0x00000000       0x28 /tmp/ccizgoBt.o
 .riscv.attributes
                0x00000028       0x2a /tmp/cckwcg3a.o
 .riscv.attributes
                0x00000052       0x2a /tmp/ccv9S9GS.o
 .riscv.attributes
                0x0000007c       0x2a /tmp/ccNoEz3d.o
 .riscv.attributes
                0x000000a6       0x2a /tmp/ccvZdmwh.o

.comment        0x00000000       0x22
 .comment       0x00000000       0x22 /tmp/cckwcg3a.o
                                 0x23 (size before relaxing)
 .comment       0x00000022       0x23 /tmp/ccv9S9GS.o
 .comment       0x00000022       0x23 /tmp/ccNoEz3d.o
 .comment       0x00000022       0x23 /tmp/ccvZdmwh.o
