Copyright 1986-2022 Xilinx, Inc. All Rights Reserved. Copyright 2022-2023 Advanced Micro Devices, Inc. All Rights Reserved.
---------------------------------------------------------------------------------------------------------------------------------------------
| Tool Version : Vivado v.2023.1 (win64) Build 3865809 Sun May  7 15:05:29 MDT 2023
| Date         : Thu Jan 30 18:28:19 2025
| Host         : DESKTOP-RQ3T0OR running 64-bit major release  (build 9200)
| Command      : report_clock_utilization -file ethernet_4port_clock_utilization_routed.rpt
| Design       : ethernet_4port
| Device       : 7a200t-fbg484
| Speed File   : -2  PRODUCTION 1.23 2018-06-13
| Design State : Routed
---------------------------------------------------------------------------------------------------------------------------------------------

Clock Utilization Report

Table of Contents
-----------------
1. Clock Primitive Utilization
2. Global Clock Resources
3. Global Clock Source Details
4. Clock Regions: Key Resource Utilization
5. Clock Regions : Global Clock Summary
6. Device Cell Placement Summary for Global Clock g0
7. Device Cell Placement Summary for Global Clock g1
8. Device Cell Placement Summary for Global Clock g2
9. Clock Region Cell Placement per Global Clock: Region X1Y2
10. Clock Region Cell Placement per Global Clock: Region X0Y3
11. Clock Region Cell Placement per Global Clock: Region X0Y4

1. Clock Primitive Utilization
------------------------------

+----------+------+-----------+-----+--------------+--------+
| Type     | Used | Available | LOC | Clock Region | Pblock |
+----------+------+-----------+-----+--------------+--------+
| BUFGCTRL |    2 |        32 |   0 |            0 |      0 |
| BUFH     |    0 |       120 |   0 |            0 |      0 |
| BUFIO    |    1 |        40 |   1 |            0 |      0 |
| BUFMR    |    0 |        20 |   0 |            0 |      0 |
| BUFR     |    1 |        40 |   0 |            0 |      0 |
| MMCM     |    0 |        10 |   0 |            0 |      0 |
| PLL      |    1 |        10 |   0 |            0 |      0 |
+----------+------+-----------+-----+--------------+--------+


2. Global Clock Resources
-------------------------

+-----------+-----------+-----------------+------------+---------------+--------------+-------------------+-------------+-----------------+--------------+----------------+-------------------------------------------------------------------------+------------------------------------------------------------------+
| Global Id | Source Id | Driver Type/Pin | Constraint | Site          | Clock Region | Load Clock Region | Clock Loads | Non-Clock Loads | Clock Period | Clock          | Driver Pin                                                              | Net                                                              |
+-----------+-----------+-----------------+------------+---------------+--------------+-------------------+-------------+-----------------+--------------+----------------+-------------------------------------------------------------------------+------------------------------------------------------------------+
| g0        | src0      | BUFR/O          | None       | BUFR_X0Y13    | X0Y3         |                 1 |         195 |               0 |        8.000 | e1_rx_clk      | eth_1/eth_mac_1g_gmii_inst/gmii_phy_if_inst/rx_ssio_sdr_inst/clk_bufr/O | eth_1/eth_mac_1g_gmii_inst/gmii_phy_if_inst/rx_ssio_sdr_inst/CLK |
| g1        | src1      | BUFG/O          | None       | BUFGCTRL_X0Y1 | n/a          |                 2 |         174 |               1 |        8.000 | clk125_pll_out | clk_bufg_inst/O                                                         | clk125_int                                                       |
| g2        | src1      | BUFG/O          | None       | BUFGCTRL_X0Y0 | n/a          |                 2 |         156 |               0 |        8.000 | clk125_pll_out | oddr[0].oddr_inst_i_1/O                                                 | tx_clk                                                           |
+-----------+-----------+-----------------+------------+---------------+--------------+-------------------+-------------+-----------------+--------------+----------------+-------------------------------------------------------------------------+------------------------------------------------------------------+
* Clock Loads column represents cell count of net connects that connect to a clock pin. Internal cell leaf pins are not considered
** Non-Clock Loads column represents cell count of non-clock pin loads


3. Global Clock Source Details
------------------------------

+-----------+-----------+-------------------+------------+----------------+--------------+-------------+-----------------+---------------------+----------------+----------------------------------------------------+-------------------------------------------------+
| Source Id | Global Id | Driver Type/Pin   | Constraint | Site           | Clock Region | Clock Loads | Non-Clock Loads | Source Clock Period | Source Clock   | Driver Pin                                         | Net                                             |
+-----------+-----------+-------------------+------------+----------------+--------------+-------------+-----------------+---------------------+----------------+----------------------------------------------------+-------------------------------------------------+
| src0      | g0        | IBUF/O            | IOB_X0Y174 | IOB_X0Y174     | X0Y3         |           2 |               0 |               8.000 | e1_rx_clk      | e1_rxc_bufg_inst/O                                 | e1_rxc_bufg                                     |
| src1      | g1        | PLLE2_ADV/CLKOUT0 | None       | PLLE2_ADV_X1Y2 | X1Y2         |           1 |               0 |               8.000 | clk125_pll_out | pll_125/CLKOUT0                                    | clk125_pll_out                                  |
| src1      | g2        | LUT3/O            | None       | SLICE_X84Y148  | X1Y2         |           1 |               0 |               8.000 | clk125_pll_out | eth_1/eth_mac_1g_gmii_inst/oddr[0].oddr_inst_i_2/O | eth_1/eth_mac_1g_gmii_inst/mii_select_reg_reg_0 |
+-----------+-----------+-------------------+------------+----------------+--------------+-------------+-----------------+---------------------+----------------+----------------------------------------------------+-------------------------------------------------+
* Clock Loads column represents cell count of net connects that connect to a clock pin. Internal cell leaf pins are not considered
** Non-Clock Loads column represents cell count of non-clock pin loads


4. Clock Regions: Key Resource Utilization
------------------------------------------

+-------------------+--------------+--------------+--------------+--------------+--------------+--------------+--------------+--------------+--------------+--------------+--------------+--------------+--------------+--------------+--------------+
|                   | Global Clock |     BUFRs    |    BUFMRs    |    BUFIOs    |     MMCM     |      PLL     |      GT      |      PCI     |    ILOGIC    |    OLOGIC    |      FF      |     LUTM     |    RAMB18    |    RAMB36    |    DSP48E2   |
+-------------------+------+-------+------+-------+------+-------+------+-------+------+-------+------+-------+------+-------+------+-------+------+-------+------+-------+------+-------+------+-------+------+-------+------+-------+------+-------+
| Clock Region Name | Used | Avail | Used | Avail | Used | Avail | Used | Avail | Used | Avail | Used | Avail | Used | Avail | Used | Avail | Used | Avail | Used | Avail | Used | Avail | Used | Avail | Used | Avail | Used | Avail | Used | Avail |
+-------------------+------+-------+------+-------+------+-------+------+-------+------+-------+------+-------+------+-------+------+-------+------+-------+------+-------+------+-------+------+-------+------+-------+------+-------+------+-------+
| X0Y0              |    0 |    12 |    0 |     4 |    0 |     2 |    0 |     4 |    0 |     1 |    0 |     1 |    0 |     4 |    0 |     0 |    0 |    50 |    0 |    50 |    0 |  2700 |    0 |   800 |    0 |    60 |    0 |    30 |    0 |    60 |
| X1Y0              |    0 |    12 |    0 |     4 |    0 |     2 |    0 |     4 |    0 |     1 |    0 |     1 |    0 |     4 |    0 |     0 |    0 |    50 |    0 |    50 |    0 |  2500 |    0 |   800 |    0 |    40 |    0 |    20 |    0 |    40 |
| X0Y1              |    0 |    12 |    0 |     4 |    0 |     2 |    0 |     4 |    0 |     1 |    0 |     1 |    0 |     0 |    0 |     0 |    0 |    50 |    0 |    50 |    0 |  4200 |    0 |  1400 |    0 |   100 |    0 |    50 |    0 |   100 |
| X1Y1              |    0 |    12 |    0 |     4 |    0 |     2 |    0 |     4 |    0 |     1 |    0 |     1 |    0 |     0 |    0 |     0 |    0 |    50 |    0 |    50 |    0 |  4000 |    0 |  1400 |    0 |    80 |    0 |    40 |    0 |    80 |
| X0Y2              |    0 |    12 |    0 |     4 |    0 |     2 |    0 |     4 |    0 |     1 |    0 |     1 |    0 |     0 |    0 |     0 |    0 |    50 |    0 |    50 |    0 |  3600 |    0 |  1400 |    0 |   100 |    0 |    50 |    0 |   100 |
| X1Y2              |    1 |    12 |    0 |     4 |    0 |     2 |    0 |     4 |    0 |     1 |    0 |     1 |    0 |     0 |    0 |     0 |    0 |    50 |    0 |    50 |    0 |  4000 |    1 |  1400 |    0 |    80 |    0 |    40 |    0 |    80 |
| X0Y3              |    4 |    12 |    1 |     4 |    0 |     2 |    1 |     4 |    0 |     1 |    0 |     1 |    0 |     0 |    0 |     0 |   10 |    50 |    8 |    50 |  524 |  3600 |  182 |  1400 |    0 |   100 |    2 |    50 |    0 |   100 |
| X1Y3              |    0 |    12 |    0 |     4 |    0 |     2 |    0 |     4 |    0 |     1 |    0 |     1 |    0 |     0 |    0 |     0 |    0 |    50 |    0 |    50 |    0 |  4000 |    0 |  1400 |    0 |    80 |    0 |    40 |    0 |    80 |
| X0Y4              |    1 |    12 |    0 |     4 |    0 |     2 |    0 |     4 |    0 |     1 |    0 |     1 |    0 |     4 |    0 |     1 |    0 |    50 |    3 |    50 |    2 |  2550 |    0 |   750 |    0 |    50 |    0 |    25 |    0 |    60 |
| X1Y4              |    0 |    12 |    0 |     4 |    0 |     2 |    0 |     4 |    0 |     1 |    0 |     1 |    0 |     4 |    0 |     0 |    0 |    50 |    0 |    50 |    0 |  2500 |    0 |   800 |    0 |    40 |    0 |    20 |    0 |    40 |
+-------------------+------+-------+------+-------+------+-------+------+-------+------+-------+------+-------+------+-------+------+-------+------+-------+------+-------+------+-------+------+-------+------+-------+------+-------+------+-------+
* Global Clock column represents track count; while other columns represents cell counts


5. Clock Regions : Global Clock Summary
---------------------------------------

All Modules
+----+----+----+
|    | X0 | X1 |
+----+----+----+
| Y4 |  0 |  0 |
| Y3 |  2 |  0 |
| Y2 |  0 |  0 |
| Y1 |  0 |  0 |
| Y0 |  0 |  0 |
+----+----+----+


6. Device Cell Placement Summary for Global Clock g0
----------------------------------------------------

+-----------+-----------------+-------------------+-----------+-------------+---------------+-------------+----------+----------------+----------+------------------------------------------------------------------+
| Global Id | Driver Type/Pin | Driver Region (D) | Clock     | Period (ns) | Waveform (ns) | Slice Loads | IO Loads | Clocking Loads | GT Loads | Net                                                              |
+-----------+-----------------+-------------------+-----------+-------------+---------------+-------------+----------+----------------+----------+------------------------------------------------------------------+
| g0        | BUFR/O          | X0Y3              | e1_rx_clk |       8.000 | {0.000 4.000} |         195 |        0 |              0 |        0 | eth_1/eth_mac_1g_gmii_inst/gmii_phy_if_inst/rx_ssio_sdr_inst/CLK |
+-----------+-----------------+-------------------+-----------+-------------+---------------+-------------+----------+----------------+----------+------------------------------------------------------------------+
* Slice Loads column represents load cell count of all cell types other than IO, GT and clock resources
** IO Loads column represents load cell count of IO types
*** Clocking Loads column represents load cell count that are clock resources (global clock buffer, MMCM, PLL, etc)
**** GT Loads column represents load cell count of GT types


+----+----------+----+-----------------------+
|    | X0       | X1 | HORIZONTAL PROG DELAY |
+----+----------+----+-----------------------+
| Y4 |        0 |  0 |                     - |
| Y3 |  (D) 195 |  0 |                     0 |
| Y2 |        0 |  0 |                     - |
| Y1 |        0 |  0 |                     - |
| Y0 |        0 |  0 |                     - |
+----+----------+----+-----------------------+


7. Device Cell Placement Summary for Global Clock g1
----------------------------------------------------

+-----------+-----------------+-------------------+----------------+-------------+---------------+-------------+----------+----------------+----------+------------+
| Global Id | Driver Type/Pin | Driver Region (D) | Clock          | Period (ns) | Waveform (ns) | Slice Loads | IO Loads | Clocking Loads | GT Loads | Net        |
+-----------+-----------------+-------------------+----------------+-------------+---------------+-------------+----------+----------------+----------+------------+
| g1        | BUFG/O          | n/a               | clk125_pll_out |       8.000 | {0.000 4.000} |         175 |        0 |              0 |        0 | clk125_int |
+-----------+-----------------+-------------------+----------------+-------------+---------------+-------------+----------+----------------+----------+------------+
* Slice Loads column represents load cell count of all cell types other than IO, GT and clock resources
** IO Loads column represents load cell count of IO types
*** Clocking Loads column represents load cell count that are clock resources (global clock buffer, MMCM, PLL, etc)
**** GT Loads column represents load cell count of GT types


+----+------+----+-----------------------+
|    | X0   | X1 | HORIZONTAL PROG DELAY |
+----+------+----+-----------------------+
| Y4 |    0 |  0 |                     - |
| Y3 |  174 |  0 |                     0 |
| Y2 |    0 |  1 |                     0 |
| Y1 |    0 |  0 |                     - |
| Y0 |    0 |  0 |                     - |
+----+------+----+-----------------------+


8. Device Cell Placement Summary for Global Clock g2
----------------------------------------------------

+-----------+-----------------+-------------------+----------------+-------------+---------------+-------------+----------+----------------+----------+--------+
| Global Id | Driver Type/Pin | Driver Region (D) | Clock          | Period (ns) | Waveform (ns) | Slice Loads | IO Loads | Clocking Loads | GT Loads | Net    |
+-----------+-----------------+-------------------+----------------+-------------+---------------+-------------+----------+----------------+----------+--------+
| g2        | BUFG/O          | n/a               | clk125_pll_out |       8.000 | {0.000 4.000} |         156 |        0 |              0 |        0 | tx_clk |
+-----------+-----------------+-------------------+----------------+-------------+---------------+-------------+----------+----------------+----------+--------+
* Slice Loads column represents load cell count of all cell types other than IO, GT and clock resources
** IO Loads column represents load cell count of IO types
*** Clocking Loads column represents load cell count that are clock resources (global clock buffer, MMCM, PLL, etc)
**** GT Loads column represents load cell count of GT types


+----+------+----+-----------------------+
|    | X0   | X1 | HORIZONTAL PROG DELAY |
+----+------+----+-----------------------+
| Y4 |    3 |  0 |                     0 |
| Y3 |  153 |  0 |                     0 |
| Y2 |    0 |  0 |                     - |
| Y1 |    0 |  0 |                     - |
| Y0 |    0 |  0 |                     - |
+----+------+----+-----------------------+


9. Clock Region Cell Placement per Global Clock: Region X1Y2
------------------------------------------------------------

+-----------+-------+-----------------+------------+-------------+-----------------+----+-------------+------+-----+----+------+-----+---------+------------+
| Global Id | Track | Driver Type/Pin | Constraint | Clock Loads | Non-Clock Loads | FF | Memory LUTs | RAMB | DSP | GT | MMCM | PLL | Hard IP | Net        |
+-----------+-------+-----------------+------------+-------------+-----------------+----+-------------+------+-----+----+------+-----+---------+------------+
| g1        | n/a   | BUFG/O          | None       |           0 |               1 |  0 |           0 |    0 |   0 |  0 |    0 |   0 |       0 | clk125_int |
+-----------+-------+-----------------+------------+-------------+-----------------+----+-------------+------+-----+----+------+-----+---------+------------+
* Clock Loads column represents cell count of net connects that connect to a clock pin. Internal cell leaf pins are not considered
** Non-Clock Loads column represents cell count of non-clock pin loads
*** Columns FF, LUTRAM, RAMB through 'Hard IP' represents load cell counts


10. Clock Region Cell Placement per Global Clock: Region X0Y3
-------------------------------------------------------------

+-----------+-------+-----------------+------------+-------------+-----------------+-----+-------------+------+-----+----+------+-----+---------+------------------------------------------------------------------+
| Global Id | Track | Driver Type/Pin | Constraint | Clock Loads | Non-Clock Loads | FF  | Memory LUTs | RAMB | DSP | GT | MMCM | PLL | Hard IP | Net                                                              |
+-----------+-------+-----------------+------------+-------------+-----------------+-----+-------------+------+-----+----+------+-----+---------+------------------------------------------------------------------+
| g0        | n/a   | BUFR/O          | None       |         195 |               0 | 193 |           0 |    1 |   0 |  0 |    0 |   0 |       0 | eth_1/eth_mac_1g_gmii_inst/gmii_phy_if_inst/rx_ssio_sdr_inst/CLK |
| g1        | n/a   | BUFG/O          | None       |         174 |               0 | 170 |           0 |    2 |   0 |  0 |    0 |   0 |       0 | clk125_int                                                       |
| g2        | n/a   | BUFG/O          | None       |         153 |               0 | 151 |           0 |    1 |   0 |  0 |    0 |   0 |       0 | tx_clk                                                           |
+-----------+-------+-----------------+------------+-------------+-----------------+-----+-------------+------+-----+----+------+-----+---------+------------------------------------------------------------------+
* Clock Loads column represents cell count of net connects that connect to a clock pin. Internal cell leaf pins are not considered
** Non-Clock Loads column represents cell count of non-clock pin loads
*** Columns FF, LUTRAM, RAMB through 'Hard IP' represents load cell counts


11. Clock Region Cell Placement per Global Clock: Region X0Y4
-------------------------------------------------------------

+-----------+-------+-----------------+------------+-------------+-----------------+----+-------------+------+-----+----+------+-----+---------+--------+
| Global Id | Track | Driver Type/Pin | Constraint | Clock Loads | Non-Clock Loads | FF | Memory LUTs | RAMB | DSP | GT | MMCM | PLL | Hard IP | Net    |
+-----------+-------+-----------------+------------+-------------+-----------------+----+-------------+------+-----+----+------+-----+---------+--------+
| g2        | n/a   | BUFG/O          | None       |           3 |               0 |  2 |           0 |    0 |   0 |  0 |    0 |   0 |       0 | tx_clk |
+-----------+-------+-----------------+------------+-------------+-----------------+----+-------------+------+-----+----+------+-----+---------+--------+
* Clock Loads column represents cell count of net connects that connect to a clock pin. Internal cell leaf pins are not considered
** Non-Clock Loads column represents cell count of non-clock pin loads
*** Columns FF, LUTRAM, RAMB through 'Hard IP' represents load cell counts



# Location of BUFG Primitives 
set_property LOC BUFGCTRL_X0Y0 [get_cells oddr[0].oddr_inst_i_1]
set_property LOC BUFGCTRL_X0Y1 [get_cells clk_bufg_inst]

# Location of BUFIO Primitives 
set_property LOC BUFIO_X0Y13 [get_cells eth_1/eth_mac_1g_gmii_inst/gmii_phy_if_inst/rx_ssio_sdr_inst/clk_bufio]

# Location of BUFR Primitives 
set_property LOC BUFR_X0Y13 [get_cells eth_1/eth_mac_1g_gmii_inst/gmii_phy_if_inst/rx_ssio_sdr_inst/clk_bufr]

# Location of IO Primitives which is load of clock spine

# Location of clock ports
set_property LOC IOB_X0Y174 [get_ports e1_rxc]
set_property LOC IOB_X1Y124 [get_ports sys_clk_p]

# Clock net "tx_clk" driven by instance "oddr[0].oddr_inst_i_1" located at site "BUFGCTRL_X0Y0"
#startgroup
create_pblock {CLKAG_tx_clk}
add_cells_to_pblock [get_pblocks  {CLKAG_tx_clk}] [get_cells -filter { PRIMITIVE_GROUP != I/O && IS_PRIMITIVE==1 && PRIMITIVE_LEVEL !=INTERNAL } -of_object [get_pins -leaf -filter {DIRECTION==IN} -of_objects [get_nets {tx_clk}]]]
resize_pblock [get_pblocks {CLKAG_tx_clk}] -add {CLOCKREGION_X0Y3:CLOCKREGION_X0Y3 CLOCKREGION_X0Y4:CLOCKREGION_X0Y4}
#endgroup

# Clock net "eth_1/eth_mac_1g_gmii_inst/gmii_phy_if_inst/rx_ssio_sdr_inst/CLK" driven by instance "eth_1/eth_mac_1g_gmii_inst/gmii_phy_if_inst/rx_ssio_sdr_inst/clk_bufr" located at site "BUFR_X0Y13"
#startgroup
create_pblock {CLKAG_eth_1/eth_mac_1g_gmii_inst/gmii_phy_if_inst/rx_ssio_sdr_inst/CLK}
add_cells_to_pblock [get_pblocks  {CLKAG_eth_1/eth_mac_1g_gmii_inst/gmii_phy_if_inst/rx_ssio_sdr_inst/CLK}] [get_cells -filter { PRIMITIVE_GROUP != I/O && IS_PRIMITIVE==1 && PRIMITIVE_LEVEL !=INTERNAL } -of_object [get_pins -leaf -filter {DIRECTION==IN} -of_objects [get_nets {eth_1/eth_mac_1g_gmii_inst/gmii_phy_if_inst/rx_ssio_sdr_inst/CLK}]]]
resize_pblock [get_pblocks {CLKAG_eth_1/eth_mac_1g_gmii_inst/gmii_phy_if_inst/rx_ssio_sdr_inst/CLK}] -add {CLOCKREGION_X0Y3:CLOCKREGION_X0Y3}
#endgroup

# Clock net "clk125_int" driven by instance "clk_bufg_inst" located at site "BUFGCTRL_X0Y1"
#startgroup
create_pblock {CLKAG_clk125_int}
add_cells_to_pblock [get_pblocks  {CLKAG_clk125_int}] [get_cells -filter { PRIMITIVE_GROUP != I/O && IS_PRIMITIVE==1 && PRIMITIVE_LEVEL !=INTERNAL } -of_object [get_pins -leaf -filter {DIRECTION==IN} -of_objects [get_nets {clk125_int}]]]
resize_pblock [get_pblocks {CLKAG_clk125_int}] -add {CLOCKREGION_X0Y3:CLOCKREGION_X0Y3 CLOCKREGION_X1Y2:CLOCKREGION_X1Y2}
#endgroup
