
There are no discarded input sections

Memory Configuration

Name             Origin             Length             Attributes
FLASH            0x00100000         0x00400000         xr
RAM              0x00000000         0x00008000         xrw
*default*        0x00000000         0xffffffff

Linker script and memory map


.text           0x00100000      0x178
                0x00100000                        . = ALIGN (0x4)
 *(.text)
 .text          0x00100000       0xc0 /tmp/cc7R4cP6.o
 .text          0x001000c0       0xb8 /tmp/cc52xz3v.o
                0x001000c0                delay
                0x00100104                main
 *(.text*)
 *(.rodata)
 *(.rodata*)
 *(.srodata)
 *(.srodata*)
                0x00100178                        . = ALIGN (0x4)
                0x00100178                        _etext = .
                0x00100178                        _sidata = _etext

.rela.dyn       0x00100178        0x0
 .rela.text     0x00100178        0x0 /tmp/cc7R4cP6.o

.data           0x00000000        0x0 load address 0x00100178
                0x00000000                        . = ALIGN (0x4)
                0x00000000                        _sdata = .
                0x00000000                        _ram_start = .
                0x00000000                        . = ALIGN (0x4)
 *(.data)
 .data          0x00000000        0x0 /tmp/cc7R4cP6.o
 .data          0x00000000        0x0 /tmp/cc52xz3v.o
 *(.data*)
 *(.sdata)
 *(.sdata*)
                0x00000000                        . = ALIGN (0x4)
                0x00000000                        _edata = .

.bss            0x00000000        0x0 load address 0x00100178
                0x00000000                        . = ALIGN (0x4)
                0x00000000                        _sbss = .
 *(.bss)
 .bss           0x00000000        0x0 /tmp/cc7R4cP6.o
 .bss           0x00000000        0x0 /tmp/cc52xz3v.o
 *(.bss*)
 *(.sbss)
 *(.sbss*)
 *(COMMON)
                0x00000000                        . = ALIGN (0x4)
                0x00000000                        _ebss = .

.heap           0x00000000        0x0
                0x00000000                        . = ALIGN (0x4)
                0x00000000                        _heap_start = .
LOAD /tmp/cc7R4cP6.o
LOAD /tmp/cc52xz3v.o
OUTPUT(/mnt/e/GoogleDrive/Projekti/ChiliChips/wireguard-fpga/2.sw/app/csr_gpio_test/main.elf elf32-littleriscv)

.riscv.attributes
                0x00000000       0x2a
 .riscv.attributes
                0x00000000       0x28 /tmp/cc7R4cP6.o
 .riscv.attributes
                0x00000028       0x2a /tmp/cc52xz3v.o

.comment        0x00000000       0x22
 .comment       0x00000000       0x22 /tmp/cc52xz3v.o
                                 0x23 (size before relaxing)
