
There are no discarded input sections

Memory Configuration

Name             Origin             Length             Attributes
FLASH            0x00100000         0x00400000         xr
RAM              0x00000000         0x00008000         xrw
*default*        0x00000000         0xffffffff

Linker script and memory map


.text           0x00100000      0x18c
                0x00100000                        . = ALIGN (0x4)
 *(.text)
 .text          0x00100000       0xd4 /tmp/ccqEj4sK.o
 .text          0x001000d4       0xb8 /tmp/cceBaIaq.o
                0x001000d4                delay
                0x00100118                main
 *(.text*)
 *(.rodata)
 *(.rodata*)
 *(.srodata)
 *(.srodata*)
                0x0010018c                        . = ALIGN (0x4)
                0x0010018c                        _etext = .
                0x0010018c                        _sidata = _etext

.rela.dyn       0x0010018c        0x0
 .rela.text     0x0010018c        0x0 /tmp/ccqEj4sK.o

.data           0x00000000        0x0 load address 0x0010018c
                0x00000000                        . = ALIGN (0x4)
                0x00000000                        _sdata = .
                0x00000000                        _ram_start = .
                0x00000000                        . = ALIGN (0x4)
 *(.data)
 .data          0x00000000        0x0 /tmp/ccqEj4sK.o
 .data          0x00000000        0x0 /tmp/cceBaIaq.o
 *(.data*)
 *(.sdata)
 *(.sdata*)
                0x00000000                        . = ALIGN (0x4)
                0x00000000                        _edata = .

.bss            0x00000000        0x0 load address 0x0010018c
                0x00000000                        . = ALIGN (0x4)
                0x00000000                        _sbss = .
 *(.bss)
 .bss           0x00000000        0x0 /tmp/ccqEj4sK.o
 .bss           0x00000000        0x0 /tmp/cceBaIaq.o
 *(.bss*)
 *(.sbss)
 *(.sbss*)
 *(COMMON)
                0x00000000                        . = ALIGN (0x4)
                0x00000000                        _ebss = .

.heap           0x00000000        0x0
                0x00000000                        . = ALIGN (0x4)
                0x00000000                        _heap_start = .
LOAD /tmp/ccqEj4sK.o
LOAD /tmp/cceBaIaq.o
OUTPUT(/mnt/e/GoogleDrive/Projekti/ChiliChips/wireguard-fpga/2.sw/app/csr_gpio_test/main.elf elf32-littleriscv)

.riscv.attributes
                0x00000000       0x2a
 .riscv.attributes
                0x00000000       0x28 /tmp/ccqEj4sK.o
 .riscv.attributes
                0x00000028       0x2a /tmp/cceBaIaq.o

.comment        0x00000000       0x22
 .comment       0x00000000       0x22 /tmp/cceBaIaq.o
                                 0x23 (size before relaxing)
